 brev

 Timestamp is 5ad74261 (Wed Apr 18 15:04:33 2018)

 Preferred load address is 00400000

 Start         Length     Name                   Class
 0001:00000000 0002af28H .text                   CODE
 0002:00000000 000001e0H .idata$5                DATA
 0002:000001e0 00000004H .CRT$XCA                DATA
 0002:000001e4 00000004H .CRT$XCZ                DATA
 0002:000001e8 00000004H .CRT$XIA                DATA
 0002:000001ec 00000018H .CRT$XIC                DATA
 0002:00000204 00000004H .CRT$XIY                DATA
 0002:00000208 00000004H .CRT$XIZ                DATA
 0002:0000020c 00000004H .CRT$XPA                DATA
 0002:00000210 00000004H .CRT$XPX                DATA
 0002:00000214 00000004H .CRT$XPXA               DATA
 0002:00000218 00000004H .CRT$XPZ                DATA
 0002:0000021c 00000004H .CRT$XTA                DATA
 0002:00000220 00000004H .CRT$XTZ                DATA
 0002:00000230 00024038H .rdata                  DATA
 0002:00024270 0000000cH .rdata$sxdata           DATA
 0002:0002427c 00000004H .rtc$IAA                DATA
 0002:00024280 00000004H .rtc$IZZ                DATA
 0002:00024284 00000004H .rtc$TAA                DATA
 0002:00024288 00000004H .rtc$TZZ                DATA
 0002:00024290 000006c4H .xdata$x                DATA
 0002:00024954 00000028H .idata$2                DATA
 0002:0002497c 00000014H .idata$3                DATA
 0002:00024990 000001e0H .idata$4                DATA
 0002:00024b70 0000072eH .idata$6                DATA
 0002:0002529e 00000000H .edata                  DATA
 0003:00000000 00092680H .data                   DATA
 0003:00092680 00003704H .bss                    DATA

  Address         Publics by Value              Rva+Base       Lib:Object

 0000:00000000       __except_list              00000000     <absolute>
 0000:00000003       ___safe_se_handler_count   00000003     <absolute>
 0000:00000000       ___ImageBase               00400000     <linker-defined>
 0001:00000340       _main                      00401340 f   c.obj
 0001:00000350       _init_c                    00401350 f   c.obj
 0001:00000350       _unix_kill                 00401350 f   bpr:builtins.obj
 0001:00000350       _countTerms                00401350 f   bpr:termStore.obj
 0001:00000360       _new_builtin               00401360 f   c.obj
 0001:00000360       _if0                       00401360 f   c.obj
 0001:00000380       _quietmes                  00401380 f   bpr:ru.obj
 0001:000003b0       _debugmes                  004013b0 f   bpr:ru.obj
 0001:000003e0       _startup_mes               004013e0 f   bpr:ru.obj
 0001:00000490       _cputime                   00401490 f   bpr:ru.obj
 0001:000004b0       _realtime                  004014b0 f   bpr:ru.obj
 0001:00000520       _bp_exit_mes               00401520 f   bpr:ru.obj
 0001:000005e0       _bp_exit                   004015e0 f   bpr:ru.obj
 0001:00000600       _bp_halt                   00401600 f   bpr:ru.obj
 0001:00000610       _warnmes                   00401610 f   bpr:ru.obj
 0001:00000630       _fatal_error               00401630 f   bpr:ru.obj
 0001:00000660       _local_error               00401660 f   bpr:ru.obj
 0001:00000710       _link_halt                 00401710 f   bpr:ru.obj
 0001:00000730       _overflow_by               00401730 f   bpr:ru.obj
 0001:00001530       _make_byte_array           00402530 f   bpr:ru.obj
 0001:00001530       _make_char_array           00402530 f   bpr:ru.obj
 0001:00001540       _make_hentry               00402540 f   bpr:ru.obj
 0001:00001550       _make_atomtable            00402550 f   bpr:ru.obj
 0001:00001560       _make_var_array            00402560 f   bpr:ru.obj
 0001:00001590       _init_var_array            00402590 f   bpr:ru.obj
 0001:000015c0       _make_stack                004025c0 f   bpr:ru.obj
 0001:00001640       _make_bboard               00402640 f   bpr:ru.obj
 0001:000016c0       _init_common_mem           004026c0 f   bpr:ru.obj
 0001:00001800       _is_engine                 00402800 f   bpr:ru.obj
 0001:00001830       _set_engine_prop           00402830 f   bpr:ru.obj
 0001:00001880       _get_engine_prop           00402880 f   bpr:ru.obj
 0001:000018e0       _get_engine_thread         004028e0 f   bpr:ru.obj
 0001:00001a70       _init_engine_mem           00402a70 f   bpr:ru.obj
 0001:00001c80       _create_engine             00402c80 f   bpr:ru.obj
 0001:00001f10       _destroy_engine            00402f10 f   bpr:ru.obj
 0001:00001fc0       _list_engines              00402fc0 f   bpr:ru.obj
 0001:00002000       _init_random               00403000 f   bpr:ru.obj
 0001:000020f0       _get_cmd_line_options      004030f0 f   bpr:ru.obj
 0001:00002510       _bp_interrupt_handler      00403510 f   bpr:ru.obj
 0001:00002620       _install_interrupt_handler 00403620 f   bpr:ru.obj
 0001:00002c60       _init_bp0                  00403c60 f   bpr:ru.obj
 0001:00002cb0       _run_bp0                   00403cb0 f   bpr:ru.obj
 0001:00002d40       _init_bp                   00403d40 f   bpr:main.obj
 0001:00002db0       _bp_main                   00403db0 f   bpr:main.obj
 0001:00002ec0       _close_socket              00403ec0 f   bpr:socket.obj
 0001:00002f00       _get_host                  00403f00 f   bpr:socket.obj
 0001:00002fc0       _host2ip                   00403fc0 f   bpr:socket.obj
 0001:00003060       _get_ip_addr               00404060 f   bpr:socket.obj
 0001:000030a0       _peer_addr                 004040a0 f   bpr:socket.obj
 0001:00003110       _peer_port                 00404110 f   bpr:socket.obj
 0001:00003200       _sock_readln               00404200 f   bpr:socket.obj
 0001:000032a0       _sock_read0                004042a0 f   bpr:socket.obj
 0001:00003320       _sock_read                 00404320 f   bpr:socket.obj
 0001:000033c0       _sock2file                 004043c0 f   bpr:socket.obj
 0001:000034b0       _sock_write0               004044b0 f   bpr:socket.obj
 0001:000035b0       _sock_write                004045b0 f   bpr:socket.obj
 0001:00003640       _file2sock                 00404640 f   bpr:socket.obj
 0001:00003770       _sock_writeln              00404770 f   bpr:socket.obj
 0001:00003810       _new_client0               00404810 f   bpr:socket.obj
 0001:00003ba0       _new_client                00404ba0 f   bpr:socket.obj
 0001:00003c60       _new_server                00404c60 f   bpr:socket.obj
 0001:00003de0       _wait_on_socket            00404de0 f   bpr:socket.obj
 0001:00003ed0       _new_service               00404ed0 f   bpr:socket.obj
 0001:000040c0       _init_orig_wam             004050c0 f   bpr:engine.obj
 0001:00004110       _restart_orig              00405110 f   bpr:engine.obj
 0001:00004160       _heap_or_bp_halt           00405160 f   bpr:engine.obj
 0001:000041d0       _unwind_trail              004051d0 f   bpr:engine.obj
 0001:00004210       _bp_abort                  00405210 f   bpr:engine.obj
 0001:00004250       _exec_link                 00405250 f   bpr:engine.obj
 0001:000042b0       _load_engine               004052b0 f   bpr:engine.obj
 0001:00004420       _load_engine0              00405420 f   bpr:engine.obj
 0001:00004440       _call_engine               00405440 f   bpr:engine.obj
 0001:00004490       _ask_engine                00405490 f   bpr:engine.obj
 0001:00004510       _answer                    00405510 f   bpr:engine.obj
 0001:000045a0       _ask_thread@4              004055a0 f   bpr:engine.obj
 0001:000045e0       _tcreate                   004055e0 f   bpr:engine.obj
 0001:00004600       _current_thread            00405600 f   bpr:engine.obj
 0001:00004610       _thread_exit               00405610 f   bpr:engine.obj
 0001:00004630       _thread_destroy            00405630 f   bpr:engine.obj
 0001:00004650       _thread_join               00405650 f   bpr:engine.obj
 0001:00004670       _init_mutexes              00405670 f   bpr:engine.obj
 0001:000046b0       _release_mutexes           004056b0 f   bpr:engine.obj
 0001:00004700       _tsync_op                  00405700 f   bpr:engine.obj
 0001:00004860       _unify_to                  00405860 f   bpr:engine.obj
 0001:00004a80       _unify                     00405a80 f   bpr:engine.obj
 0001:00009170       _interp                    0040a170 f   bpr:engine.obj
 0001:000092f0       _make_symtable             0040a2f0 f   bpr:sym.obj
 0001:00009540       _atombak                   0040a540 f   bpr:sym.obj
 0001:00009590       _atomcommit                0040a590 f   bpr:sym.obj
 0001:000095d0       _new_func                  0040a5d0 f   bpr:sym.obj
 0001:00009630       _hfull                     0040a630 f   bpr:dict.obj
 0001:00009670       _hinit                     0040a670 f   bpr:dict.obj
 0001:000096c0       _hdef                      0040a6c0 f   bpr:dict.obj
 0001:000097f0       _hset                      0040a7f0 f   bpr:dict.obj
 0001:000098a0       _hget                      0040a8a0 f   bpr:dict.obj
 0001:00009930       _hindex                    0040a930 f   bpr:dict.obj
 0001:00009a00       _hbak                      0040aa00 f   bpr:dict.obj
 0001:00009ab0       _hcommit                   0040aab0 f   bpr:dict.obj
 0001:00009b00       _hlist                     0040ab00 f   bpr:dict.obj
 0001:00009d40       _op_class                  0040ad40 f   bpr:dict.obj
 0001:00009da0       _make_op                   0040ada0 f   bpr:dict.obj
 0001:00009ee0       _op0                       0040aee0 f   bpr:dict.obj
 0001:00009f60       _lval                      0040af60 f   bpr:dict.obj
 0001:0000a0e0       _def                       0040b0e0 f   bpr:dict.obj
 0001:0000a2d0       _set                       0040b2d0 f   bpr:dict.obj
 0001:0000a3d0       _override                  0040b3d0 f   bpr:dict.obj
 0001:0000a630       _init_instr_len            0040b630 f   bpr:load.obj
 0001:0000a840       _input_fun                 0040b840 f   bpr:load.obj
 0001:0000a880       _is_dynamic                0040b880 f   bpr:load.obj
 0001:0000aeb0       _insert_op                 0040beb0 f   bpr:load.obj
 0001:0000bc60       _init_code                 0040cc60 f   bpr:load.obj
 0001:0000c050       _load_1                    0040d050 f   bpr:load.obj
 0001:0000c310       _load_kernel               0040d310 f   bpr:load.obj
 0001:0000c460       _deep_hash                 0040d460 f   bpr:builtins.obj
 0001:0000c490       _tval                      0040d490 f   bpr:builtins.obj
 0001:0000c530       _untval                    0040d530 f   bpr:builtins.obj
 0001:0000c690       _tlet                      0040d690 f   bpr:builtins.obj
 0001:0000c720       _array_ref                 0040d720 f   bpr:builtins.obj
 0001:0000c7a0       _get_asserted              0040d7a0 f   bpr:builtins.obj
 0001:0000c900       _unix_argv                 0040d900 f   bpr:builtins.obj
 0001:0000c970       _unix_getenv               0040d970 f   bpr:builtins.obj
 0001:0000c9d0       _unix_access               0040d9d0 f   bpr:builtins.obj
 0001:0000ca50       _unix_cd                   0040da50 f   bpr:builtins.obj
 0001:0000cac0       _unix_fork                 0040dac0 f   bpr:builtins.obj
 0001:0000cad0       _unix_pid                  0040dad0 f   bpr:builtins.obj
 0001:0000cae0       _unix_sleep                0040dae0 f   bpr:builtins.obj
 0001:0000cb00       _open_stream               0040db00 f   bpr:builtins.obj
 0001:0000cce0       _close_stream              0040dce0 f   bpr:builtins.obj
 0001:0000cd50       _bb_reset                  0040dd50 f   bpr:builtins.obj
 0001:0000ce60       _stats0                    0040de60 f   bpr:builtins.obj
 0001:0000d0a0       _new_name                  0040e0a0 f   bpr:builtins.obj
 0001:0000d170       _symcat                    0040e170 f   bpr:builtins.obj
 0001:0000d290       _namecat                   0040e290 f   bpr:builtins.obj
 0001:0000d490       _fsize                     0040e490 f   bpr:builtins.obj
 0001:0000d4f0       _older_file0               0040e4f0 f   bpr:builtins.obj
 0001:0000d590       _older_file                0040e590 f   bpr:builtins.obj
 0001:0000d610       _see_tell                  0040e610 f   bpr:builtins.obj
 0001:0000d870       _see_tell_at               0040e870 f   bpr:builtins.obj
 0001:0000d8f0       _seeing_telling_at         0040e8f0 f   bpr:builtins.obj
 0001:0000d940       _seen_told                 0040e940 f   bpr:builtins.obj
 0001:0000da90       _system0                   0040ea90 f   bpr:builtins.obj
 0001:0000db10       _add_instr                 0040eb10 f   bpr:builtins.obj
 0001:0000dc70       _compare                   0040ec70 f   bpr:builtins.obj
 0001:0000dd40       _functor                   0040ed40 f   bpr:builtins.obj
 0001:0000deb0       _list2buf                  0040eeb0 f   bpr:builtins.obj
 0001:0000df50       _string2list               0040ef50 f   bpr:builtins.obj
 0001:0000dfe0       _string2list_with_length   0040efe0 f   bpr:builtins.obj
 0001:0000e050       _name2list                 0040f050 f   bpr:builtins.obj
 0001:0000e200       _call_external             0040f200 f   bpr:builtins.obj
 0001:0000e310       _det_append0               0040f310 f   bpr:builtins.obj
 0001:0000e3e0       _list2term                 0040f3e0 f   bpr:builtins.obj
 0001:0000e560       _term2list                 0040f560 f   bpr:builtins.obj
 0001:0000e600       _term_append               0040f600 f   bpr:builtins.obj
 0001:0000e8c0       _copy_term                 0040f8c0 f   bpr:builtins.obj
 0001:0000e8e0       _copy_to_engine            0040f8e0 f   bpr:builtins.obj
 0001:0000e930       _apply                     0040f930 f   bpr:builtins.obj
 0001:0000e990       _strip_cont0               0040f990 f   bpr:builtins.obj
 0001:0000ea30       _dcg_tell                  0040fa30 f   bpr:builtins.obj
 0001:0000eb00       _dcg_connect               0040fb00 f   bpr:builtins.obj
 0001:0000ebb0       _setarg                    0040fbb0 f   bpr:builtins.obj
 0001:0000ed40       _change_arg                0040fd40 f   bpr:builtins.obj
 0001:0000ee00       _member_entry              0040fe00 f   bpr:builtins.obj
 0001:0000eed0       _for_entry                 0040fed0 f   bpr:builtins.obj
 0001:0000f050       _addq0                     00410050 f   bpr:builtins.obj
 0001:0000f330       _pushq0                    00410330 f   bpr:builtins.obj
 0001:0000f590       _popq0                     00410590 f   bpr:builtins.obj
 0001:0000f810       _member_scan               00410810 f   bpr:builtins.obj
 0001:0000f8c0       _cmember_scan              004108c0 f   bpr:builtins.obj
 0001:0000f990       _cdel_scan                 00410990 f   bpr:builtins.obj
 0001:0000fa60       _newTerm                   00410a60 f   bpr:term.obj
 0001:0000fac0       _freeTerm                  00410ac0 f   bpr:term.obj
 0001:0000fb20       _setArg                    00410b20 f   bpr:term.obj
 0001:0000fd00       _compareTerms              00410d00 f   bpr:term.obj
 0001:0000fe70       _hashCode                  00410e70 f   bpr:term.obj
 0001:000100e0       _toString                  004110e0 f   bpr:term.obj
 0001:00010110       _toNewString               00411110 f   bpr:term.obj
 0001:00010160       _stringLengthOf            00411160 f   bpr:term.obj
 0001:000101b0       _showTerm                  004111b0 f   bpr:term.obj
 0001:000103c0       _externalize               004113c0 f   bpr:term.obj
 0001:000105b0       _internalize               004115b0 f   bpr:term.obj
 0001:000105d0       _term_store_op             004115d0 f   bpr:term.obj
 0001:00010a90       _trim_float                00411a90 f   bpr:io.obj
 0001:00010f80       _sout                      00411f80 f   bpr:io.obj
 0001:00010fd0       _qsout                     00411fd0 f   bpr:io.obj
 0001:00011020       _fout                      00412020 f   bpr:io.obj
 0001:00011070       _qprint                    00412070 f   bpr:io.obj
 0001:00011100       _double_to_ints            00412100 f   bpr:float.obj
 0001:00011150       _ints_to_double            00412150 f   bpr:float.obj
 0001:00011180       _bad_arith_arg             00412180 f   bpr:float.obj
 0001:000111c0       _make_float                004121c0 f   bpr:float.obj
 0001:00011210       _float_compare             00412210 f   bpr:float.obj
 0001:00011340       _float_op                  00412340 f   bpr:float.obj
 0001:000115b0       _float_fun2                004125b0 f   bpr:float.obj
 0001:000117f0       _float_fun                 004127f0 f   bpr:float.obj
 0001:00011a50       _input_float               00412a50 f   bpr:float.obj
 0001:00012c40       _trigger_gc                00413c40 f   bpr:gc.obj
 0001:00012ca0       _pushTerm                  00413ca0 f   bpr:termStore.obj
 0001:00012ca0       _putTerm                   00413ca0 f   bpr:termStore.obj
 0001:00012ca0       _updateCurrentTerm         00413ca0 f   bpr:termStore.obj
 0001:00012cb0       _closeIterator             00413cb0 f   bpr:termStore.obj
 0001:00012cc0       _hasTerms                  00413cc0 f   bpr:termStore.obj
 0001:00012cd0       _getNextTerm               00413cd0 f   bpr:termStore.obj
 0001:00012ce0       _removeCurrentTerm         00413ce0 f   bpr:termStore.obj
 0001:00012ce0       _deleteAllTerms            00413ce0 f   bpr:termStore.obj
 0001:00012cf0       _newIterator               00413cf0 f   bpr:termStore.obj
 0001:00012cf0       _newKeyIterator            00413cf0 f   bpr:termStore.obj
 0001:00012d00       _processTerm               00413d00 f   bpr:termStore.obj
 0001:00012d10       _newTermString             00413d10 f   bpr:termStore.obj
 0001:00012d20       _freeTermString            00413d20 f   bpr:termStore.obj
 0001:00012d25       _fprintf                   00413d25 f   LIBCMT:fprintf.obj
 0001:00012e31       ___iob_func                00413e31 f   LIBCMT:_file.obj
 0001:00012e37       ___initstdio               00413e37 f   LIBCMT:_file.obj
 0001:00012ee8       ___endstdio                00413ee8 f   LIBCMT:_file.obj
 0001:00012f08       __lock_file                00413f08 f   LIBCMT:_file.obj
 0001:00012f49       __lock_file2               00413f49 f   LIBCMT:_file.obj
 0001:00012f7b       __unlock_file              00413f7b f   LIBCMT:_file.obj
 0001:00012fb7       __unlock_file2             00413fb7 f   LIBCMT:_file.obj
 0001:00013170       _mainCRTStartup            00414170 f   LIBCMT:crt0.obj
 0001:0001317a       _sprintf                   0041417a f   LIBCMT:sprintf.obj
 0001:000131fe       __time64                   004141fe f   LIBCMT:time64.obj
 0001:0001324f       _clock                     0041424f f   LIBCMT:clock.obj
 0001:00013289       ___inittime                00414289 f   LIBCMT:clock.obj
 0001:000132b7       @__security_check_cookie@4 004142b7 f   LIBCMT:secchk.obj
 0001:000132c6       ___crtCorExitProcess       004142c6 f   LIBCMT:crt0dat.obj
 0001:000132f1       ___crtExitProcess          004142f1 f   LIBCMT:crt0dat.obj
 0001:00013309       __lockexit                 00414309 f   LIBCMT:crt0dat.obj
 0001:00013312       __unlockexit               00414312 f   LIBCMT:crt0dat.obj
 0001:0001331b       __init_pointers            0041431b f   LIBCMT:crt0dat.obj
 0001:0001334e       __initterm_e               0041434e f   LIBCMT:crt0dat.obj
 0001:00013372       __cinit                    00414372 f   LIBCMT:crt0dat.obj
 0001:00013549       _exit                      00414549 f   LIBCMT:crt0dat.obj
 0001:0001355f       __exit                     0041455f f   LIBCMT:crt0dat.obj
 0001:00013575       __cexit                    00414575 f   LIBCMT:crt0dat.obj
 0001:00013584       __c_exit                   00414584 f   LIBCMT:crt0dat.obj
 0001:00013593       __amsg_exit                00414593 f   LIBCMT:crt0dat.obj
 0001:000135b1       _calloc                    004145b1 f   LIBCMT:calloc.obj
 0001:000135f1       _malloc                    004145f1 f   LIBCMT:malloc.obj
 0001:00013685       _free                      00414685 f   LIBCMT:free.obj
 0001:000136bf       _srand                     004146bf f   LIBCMT:rand.obj
 0001:000136d1       _rand                      004146d1 f   LIBCMT:rand.obj
 0001:000136f2       _atol                      004146f2 f   LIBCMT:atox.obj
 0001:00013708       __initp_misc_winsig        00414708 f   LIBCMT:winsig.obj
 0001:000137f9       ___get_sigabrt             004147f9 f   LIBCMT:winsig.obj
 0001:00013806       _signal                    00414806 f   LIBCMT:winsig.obj
 0001:00013a46       _raise                     00414a46 f   LIBCMT:winsig.obj
 0001:00013be9       _printf                    00414be9 f   LIBCMT:printf.obj
 0001:00013c90       __get_printf_count_output  00414c90 f   LIBCMT:printf.obj
 0001:00013ca6       __get_sys_err_msg          00414ca6 f i LIBCMT:perror.obj
 0001:00013cce       _perror                    00414cce f   LIBCMT:perror.obj
 0001:00013d5c       __get_errno_from_oserr     00414d5c f   LIBCMT:dosmap.obj
 0001:00013d9e       __errno                    00414d9e f   LIBCMT:dosmap.obj
 0001:00013db1       ___doserrno                00414db1 f   LIBCMT:dosmap.obj
 0001:00013dc4       __dosmaperr                00414dc4 f   LIBCMT:dosmap.obj
 0001:00013de7       _feof                      00414de7 f   LIBCMT:feoferr.obj
 0001:00013e0f       _ferror                    00414e0f f   LIBCMT:feoferr.obj
 0001:00013e37       __fwrite_nolock            00414e37 f   LIBCMT:fwrite.obj
 0001:00013f8e       _fwrite                    00414f8e f   LIBCMT:fwrite.obj
 0001:00014008       __fread_nolock_s           00415008 f   LIBCMT:fread.obj
 0001:000141c4       _fread_s                   004151c4 f   LIBCMT:fread.obj
 0001:00014252       _fread                     00415252 f   LIBCMT:fread.obj
 0001:00014270       _memcpy                    00415270 f   LIBCMT:memcpy.obj
 0001:000145d1       __endthreadex              004155d1 f   LIBCMT:threadex.obj
 0001:00014696       __beginthreadex            00415696 f   LIBCMT:threadex.obj
 0001:00014736       _putc                      00415736 f   LIBCMT:fputc.obj
 0001:00014832       _getc                      00415832 f   LIBCMT:fgetc.obj
 0001:00014926       _clearerr_s                00415926 f   LIBCMT:clearerr.obj
 0001:000149ca       _clearerr                  004159ca f   LIBCMT:clearerr.obj
 0001:000149d5       __flush                    004159d5 f   LIBCMT:fflush.obj
 0001:00014a3d       __fflush_nolock            00415a3d f   LIBCMT:fflush.obj
 0001:00014b5f       _fflush                    00415b5f f   LIBCMT:fflush.obj
 0001:00014bb2       __flushall                 00415bb2 f   LIBCMT:fflush.obj
 0001:00014bc0       __chkstk                   00415bc0 f   LIBCMT:chkstk.obj
 0001:00014bc0       __alloca_probe             00415bc0     LIBCMT:chkstk.obj
 0001:00014beb       ??0_LocaleUpdate@@QAE@PAUlocaleinfo_struct@@@Z 00415beb f i LIBCMT:_ctype.obj
 0001:00014c72       __isdigit_l                00415c72 f i LIBCMT:_ctype.obj
 0001:00014cc3       _isdigit                   00415cc3 f i LIBCMT:_ctype.obj
 0001:00014cf1       __isxdigit_l               00415cf1 f i LIBCMT:_ctype.obj
 0001:00014d47       _isxdigit                  00415d47 f i LIBCMT:_ctype.obj
 0001:00014d77       __isspace_l                00415d77 f i LIBCMT:_ctype.obj
 0001:00014dc8       _isspace                   00415dc8 f i LIBCMT:_ctype.obj
 0001:00014df6       __ungetc_nolock            00415df6 f   LIBCMT:ungetc.obj
 0001:00014ed9       _ungetc                    00415ed9 f   LIBCMT:ungetc.obj
 0001:00014fb0       _sscanf                    00415fb0 f   LIBCMT:sscanf.obj
 0001:00014fd2       __fclose_nolock            00415fd2 f   LIBCMT:fclose.obj
 0001:0001503f       _fclose                    0041603f f   LIBCMT:fclose.obj
 0001:000150b3       __fsopen                   004160b3 f   LIBCMT:fopen.obj
 0001:0001516f       _fopen                     0041616f f   LIBCMT:fopen.obj
 0001:00015186       __getenv_helper_nolock     00416186 f   LIBCMT:getenv.obj
 0001:0001520d       _getenv                    0041620d f   LIBCMT:getenv.obj
 0001:00015287       __dupenv_s                 00416287 f   LIBCMT:getenv.obj
 0001:0001535e       __getpid                   0041635e f   LIBCMT:getpid.obj
 0001:00015364       __sleep                    00416364 f   LIBCMT:slbeep.obj
 0001:000153df       __popen                    004163df f   LIBCMT:popen.obj
 0001:000158a7       __pclose                   004168a7 f   LIBCMT:popen.obj
 0001:00015980       _strncpy                   00416980 f   LIBCMT:strncpy.obj
 0001:00015aa4       __fstat64i32               00416aa4 f   LIBCMT:fstati32.obj
 0001:00015ed0       __stat64i32                00416ed0 f   LIBCMT:stati32.obj
 0001:00016327       __fseek_nolock             00417327 f   LIBCMT:fseek.obj
 0001:000163b1       _fseek                     004173b1 f   LIBCMT:fseek.obj
 0001:0001642d       __ftell_nolock             0041742d f   LIBCMT:ftell.obj
 0001:000165c1       _ftell                     004175c1 f   LIBCMT:ftell.obj
 0001:00016626       _system                    00417626 f   LIBCMT:system.obj
 0001:00016703       __cfltcvt_init             00417703 f   LIBCMT:_fpinit_.obj
 0001:00016763       __fpmath                   00417763 f   LIBCMT:_fpinit_.obj
 0001:00016780       __ftol2_sse                00417780 f   LIBCMT:ftol2.obj
 0001:00016789       __ftol2_pentium4           00417789 f   LIBCMT:ftol2.obj
 0001:0001679c       __ftol2_sse_excpt          0041779c f   LIBCMT:ftol2.obj
 0001:000167b6       __ftol2                    004177b6 f   LIBCMT:ftol2.obj
 0001:00016830       __CIsqrt                   00417830 f   LIBCMT:_sqrt_.obj
 0001:00016844       _sqrt                      00417844     LIBCMT:_sqrt_.obj
 0001:000168f0       _atan2                     004178f0 f   LIBCMT:_87ctriga_.obj
 0001:000168fa       __CIatan2                  004178fa f   LIBCMT:_87ctriga_.obj
 0001:00016910       _log                       00417910 f   LIBCMT:_log_.obj
 0001:00016950       __CIlog                    00417950 f   LIBCMT:_log_.obj
 0001:0001698b       __CIlog_default            0041798b f   LIBCMT:_log_.obj
 0001:0001699f       __log_default              0041799f     LIBCMT:_log_.obj
 0001:00016a60       _pow                       00417a60 f   LIBCMT:_pow_.obj
 0001:00016aa0       __CIpow                    00417aa0 f   LIBCMT:_pow_.obj
 0001:00016adb       __CIpow_default            00417adb f   LIBCMT:_pow_.obj
 0001:00016af4       __pow_default              00417af4     LIBCMT:_pow_.obj
 0001:00016cf0       _acos                      00417cf0 f   LIBCMT:_acos_.obj
 0001:00016d30       __CIacos                   00417d30 f   LIBCMT:_acos_.obj
 0001:00016d6b       __CIacos_default           00417d6b f   LIBCMT:_acos_.obj
 0001:00016d7f       __acos_default             00417d7f     LIBCMT:_acos_.obj
 0001:00016e40       _asin                      00417e40 f   LIBCMT:_asin_.obj
 0001:00016e80       __CIasin                   00417e80 f   LIBCMT:_asin_.obj
 0001:00016ebb       __CIasin_default           00417ebb f   LIBCMT:_asin_.obj
 0001:00016ecf       __asin_default             00417ecf     LIBCMT:_asin_.obj
 0001:00016f90       _atan                      00417f90 f   LIBCMT:_atan_.obj
 0001:00016fd0       __CIatan                   00417fd0 f   LIBCMT:_atan_.obj
 0001:0001700b       __CIatan_default           0041800b f   LIBCMT:_atan_.obj
 0001:0001701f       __atan_default             0041801f     LIBCMT:_atan_.obj
 0001:000170b0       _tan                       004180b0 f   LIBCMT:_tan_.obj
 0001:000170f0       __CItan                    004180f0 f   LIBCMT:_tan_.obj
 0001:0001712b       __CItan_default            0041812b f   LIBCMT:_tan_.obj
 0001:0001713f       __tan_default              0041813f     LIBCMT:_tan_.obj
 0001:000171e0       _cos                       004181e0 f   LIBCMT:_cos_.obj
 0001:00017220       __CIcos                    00418220 f   LIBCMT:_cos_.obj
 0001:0001725b       __CIcos_default            0041825b f   LIBCMT:_cos_.obj
 0001:0001726f       __cos_default              0041826f     LIBCMT:_cos_.obj
 0001:00017310       _sin                       00418310 f   LIBCMT:_sin_.obj
 0001:00017350       __CIsin                    00418350 f   LIBCMT:_sin_.obj
 0001:0001738b       __CIsin_default            0041838b f   LIBCMT:_sin_.obj
 0001:0001739f       __sin_default              0041839f     LIBCMT:_sin_.obj
 0001:00017440       _exp                       00418440 f   LIBCMT:_87ctran_.obj
 0001:0001747c       __CIexp                    0041847c f   LIBCMT:_87ctran_.obj
 0001:000174b7       __exp_default              004184b7 f   LIBCMT:_87ctran_.obj
 0001:000174c1       __CIexp_default            004184c1 f   LIBCMT:_87ctran_.obj
 0001:000174d0       _floor                     004184d0 f   LIBCMT:_floor_pentium4_.obj
 0001:00017510       __floor_pentium4           00418510 f   LIBCMT:_floor_pentium4_.obj
 0001:000175f1       __atof_l                   004185f1 f   LIBCMT:atof.obj
 0001:0001769c       _atof                      0041869c f   LIBCMT:atof.obj
 0001:000176af       __stbuf                    004186af f   LIBCMT:_sftbuf.obj
 0001:0001774b       __ftbuf                    0041874b f   LIBCMT:_sftbuf.obj
 0001:00017814       __output_l                 00418814 f   LIBCMT:output.obj
 0001:0001841c       __ioinit                   0041941c f   LIBCMT:ioinit.obj
 0001:00018661       __fileno                   00419661 f   LIBCMT:fileno.obj
 0001:00018661       _fileno                    00419661 f   LIBCMT:fileno.obj
 0001:00018687       __initp_misc_invarg        00419687 f   LIBCMT:invarg.obj
 0001:00018696       __call_reportfault         00419696 f   LIBCMT:invarg.obj
 0001:000187bf       __invoke_watson            004197bf f   LIBCMT:invarg.obj
 0001:000187e4       __invalid_parameter        004197e4 f   LIBCMT:invarg.obj
 0001:00018811       __invalid_parameter_noinfo 00419811 f   LIBCMT:invarg.obj
 0001:00018830       __SEH_prolog4              00419830 f   LIBCMT:sehprolg4.obj
 0001:00018875       __SEH_epilog4              00419875 f   LIBCMT:sehprolg4.obj
 0001:00018890       __except_handler4          00419890 f   LIBCMT:chandler4.obj
 0001:00018a1f       __malloc_crt               00419a1f f   LIBCMT:crtheap.obj
 0001:00018a64       __calloc_crt               00419a64 f   LIBCMT:crtheap.obj
 0001:00018ab0       __realloc_crt              00419ab0 f   LIBCMT:crtheap.obj
 0001:00018afe       __recalloc_crt             00419afe f   LIBCMT:crtheap.obj
 0001:00018b50       __fcloseall                00419b50 f   LIBCMT:closeall.obj
 0001:00018bec       __mtinitlocks              00419bec f   LIBCMT:mlock.obj
 0001:00018c36       __mtdeletelocks            00419c36 f   LIBCMT:mlock.obj
 0001:00018c8d       __unlock                   00419c8d f   LIBCMT:mlock.obj
 0001:00018ca4       __mtinitlocknum            00419ca4 f   LIBCMT:mlock.obj
 0001:00018d66       __lock                     00419d66 f   LIBCMT:mlock.obj
 0001:00018d99       ?__CxxUnhandledExceptionFilter@@YGJPAU_EXCEPTION_POINTERS@@@Z 00419d99 f   LIBCMT:unhandld.obj
 0001:00018ddb       ___CxxSetUnhandledExceptionFilter 00419ddb f   LIBCMT:unhandld.obj
 0001:00018de9       __GET_RTERRMSG             00419de9 f   LIBCMT:crt0msg.obj
 0001:00018e0f       __NMSG_WRITE               00419e0f f   LIBCMT:crt0msg.obj
 0001:00018fbe       __FF_MSGBANNER             00419fbe f   LIBCMT:crt0msg.obj
 0001:00018ff7       __XcptFilter               00419ff7 f   LIBCMT:winxfltr.obj
 0001:00019141       __setenvp                  0041a141 f   LIBCMT:stdenvp.obj
 0001:000193b7       __setargv                  0041a3b7 f   LIBCMT:stdargv.obj
 0001:00019472       ___crtGetEnvironmentStringsA 0041a472 f   LIBCMT:a_env.obj
 0001:00019509       __RTC_Initialize           0041a509 f   LIBCMT:_initsect_.obj
 0001:0001952f       __RTC_Terminate            0041a52f f   LIBCMT:_initsect_.obj
 0001:00019555       __encoded_null             0041a555 f   LIBCMT:tidtable.obj
 0001:0001955e       ___crtTlsAlloc@4           0041a55e f   LIBCMT:tidtable.obj
 0001:00019567       ___fls_getvalue@4          0041a567 f   LIBCMT:tidtable.obj
 0001:00019581       ___get_flsindex            0041a581 f   LIBCMT:tidtable.obj
 0001:00019587       ___set_flsgetvalue         0041a587 f   LIBCMT:tidtable.obj
 0001:000195bb       ___fls_setvalue@8          0041a5bb f   LIBCMT:tidtable.obj
 0001:000195d8       __mtterm                   0041a5d8 f   LIBCMT:tidtable.obj
 0001:00019615       __initptd                  0041a615 f   LIBCMT:tidtable.obj
 0001:000196c9       __getptd_noexit            0041a6c9 f   LIBCMT:tidtable.obj
 0001:00019742       __getptd                   0041a742 f   LIBCMT:tidtable.obj
 0001:0001975c       __freefls@4                0041a75c f   LIBCMT:tidtable.obj
 0001:0001988b       __freeptd                  0041a88b f   LIBCMT:tidtable.obj
 0001:000198f9       __mtinit                   0041a8f9 f   LIBCMT:tidtable.obj
 0001:00019a74       __heap_init                0041aa74 f   LIBCMT:heapinit.obj
 0001:00019a92       ___security_init_cookie    0041aa92 f   LIBCMT:gs_support.obj
 0001:00019b2d       __flsbuf                   0041ab2d f   LIBCMT:_flsbuf.obj
 0001:00019ca0       __aulldiv                  0041aca0 f   LIBCMT:ulldiv.obj
 0001:00019d08       ___report_gsfailure        0041ad08 f   LIBCMT:gs_report.obj
 0001:00019e0e       ?terminate@@YAXXZ          0041ae0e f   LIBCMT:hooks.obj
 0001:00019e47       __initp_eh_hooks           0041ae47 f   LIBCMT:hooks.obj
 0001:00019e58       __initp_misc_rand_s        0041ae58 f   LIBCMT:rand_s.obj
 0001:00019e67       __initp_misc_purevirt      0041ae67 f   LIBCMT:inithelp.obj
 0001:00019e76       __initp_heap_handler       0041ae76 f   LIBCMT:handler.obj
 0001:00019e85       __callnewh                 0041ae85 f   LIBCMT:handler.obj
 0001:00019f63       ___onexitinit              0041af63 f   LIBCMT:onexit.obj
 0001:00019f94       __onexit                   0041af94 f   LIBCMT:onexit.obj
 0001:00019fd0       _atexit                    0041afd0 f   LIBCMT:onexit.obj
 0001:00019fe7       __initp_misc_cfltcvt_tab   0041afe7 f   LIBCMT:cmiscdat.obj
 0001:0001a010       __ValidateImageBase        0041b010 f   LIBCMT:pesect.obj
 0001:0001a050       __FindPESection            0041b050 f   LIBCMT:pesect.obj
 0001:0001a0a0       __IsNonwritableInCurrentImage 0041b0a0 f   LIBCMT:pesect.obj
 0001:0001a15c       __calloc_impl              0041b15c f   LIBCMT:calloc_impl.obj
 0001:0001a409       _strtol                    0041b409 f   LIBCMT:strtol.obj
 0001:0001a434       ___sys_nerr                0041b434 f   LIBCMT:syserr.obj
 0001:0001a43a       ___sys_errlist             0041b43a f   LIBCMT:syserr.obj
 0001:0001a440       __set_osfhnd               0041b440 f   LIBCMT:osfinfo.obj
 0001:0001a4c1       __free_osfhnd              0041b4c1 f   LIBCMT:osfinfo.obj
 0001:0001a547       __get_osfhandle            0041b547 f   LIBCMT:osfinfo.obj
 0001:0001a5b0       ___lock_fhandle            0041b5b0 f   LIBCMT:osfinfo.obj
 0001:0001a64f       __unlock_fhandle           0041b64f f   LIBCMT:osfinfo.obj
 0001:0001a676       __alloc_osfhnd             0041b676 f   LIBCMT:osfinfo.obj
 0001:0001a80f       __write_nolock             0041b80f f   LIBCMT:write.obj
 0001:0001af0c       __write                    0041bf0c f   LIBCMT:write.obj
 0001:0001afe0       _strlen                    0041bfe0 f   LIBCMT:strlen.obj
 0001:0001b06b       __filbuf                   0041c06b f   LIBCMT:_filbuf.obj
 0001:0001b18d       __read_nolock              0041c18d f   LIBCMT:read.obj
 0001:0001b744       __read                     0041c744 f   LIBCMT:read.obj
 0001:0001b83a       _memcpy_s                  0041c83a f   LIBCMT:memcpy_s.obj
 0001:0001b8b0       _memset                    0041c8b0 f   LIBCMT:memset.obj
 0001:0001b92a       __VEC_memcpy               0041c92a f   LIBCMT:p4_memcpy.obj
 0001:0001ba2d       ___sse2_available_init     0041ca2d f   LIBCMT:cpu_disp.obj
 0001:0001ba3d       __commit                   0041ca3d f   LIBCMT:commit.obj
 0001:0001bd39       ___updatetmbcinfo          0041cd39 f   LIBCMT:mbctype.obj
 0001:0001be59       __setmbcp_nolock           0041ce59 f   LIBCMT:mbctype.obj
 0001:0001c042       __setmbcp                  0041d042 f   LIBCMT:mbctype.obj
 0001:0001c1dc       ___initmbctable            0041d1dc f   LIBCMT:mbctype.obj
 0001:0001c1fa       ___addlocaleref            0041d1fa f   LIBCMT:localref.obj
 0001:0001c289       ___removelocaleref         0041d289 f   LIBCMT:localref.obj
 0001:0001c322       ___freetlocinfo            0041d322 f   LIBCMT:localref.obj
 0001:0001c46d       __updatetlocinfoEx_nolock  0041d46d f   LIBCMT:localref.obj
 0001:0001c4ba       ___updatetlocinfo          0041d4ba f   LIBCMT:localref.obj
 0001:0001c533       __isctype_l                0041d533 f   LIBCMT:isctype.obj
 0001:0001c5eb       __getbuf                   0041d5eb f   LIBCMT:_getbuf.obj
 0001:0001c6eb       __input_l                  0041d6eb f   LIBCMT:input.obj
 0001:0001d6ef       __close_nolock             0041e6ef f   LIBCMT:close.obj
 0001:0001d78b       __close                    0041e78b f   LIBCMT:close.obj
 0001:0001d84f       __freebuf                  0041e84f f   LIBCMT:_freebuf.obj
 0001:0001d880       __openfile                 0041e880 f   LIBCMT:_open.obj
 0001:0001db17       __getstream                0041eb17 f   LIBCMT:stream.obj
 0001:0001dc50       __local_unwind4            0041ec50 f   LIBCMT:exsup4.obj
 0001:0001dd26       __seh_longjmp_unwind4@4    0041ed26 f   LIBCMT:exsup4.obj
 0001:0001dd42       @_EH4_CallFilterFunc@8     0041ed42 f   LIBCMT:exsup4.obj
 0001:0001dd59       @_EH4_TransferToHandler@8  0041ed59 f   LIBCMT:exsup4.obj
 0001:0001dd72       @_EH4_GlobalUnwind2@8      0041ed72 f   LIBCMT:exsup4.obj
 0001:0001dd8b       @_EH4_LocalUnwind@16       0041ed8b f   LIBCMT:exsup4.obj
 0001:0001dda2       __mbsnbicoll_l             0041eda2 f   LIBCMT:mbsnbico.obj
 0001:0001de80       __mbsnbicoll               0041ee80 f   LIBCMT:mbsnbico.obj
 0001:0001de9a       ___wtomb_environ           0041ee9a f   LIBCMT:wtombenv.obj
 0001:0001df31       _strcpy_s                  0041ef31 f   LIBCMT:strcpy_s.obj
 0001:0001df90       _strnlen                   0041ef90 f   LIBCMT:strlen_s.obj
 0001:0001dfad       __mbsrchr_l                0041efad f   LIBCMT:mbsrchr.obj
 0001:0001e057       __mbsrchr                  0041f057 f   LIBCMT:mbsrchr.obj
 0001:0001e06e       __getpath                  0041f06e f   LIBCMT:getpath.obj
 0001:0001e103       __access_s                 0041f103 f   LIBCMT:access.obj
 0001:0001e182       _access                    0041f182 f   LIBCMT:access.obj
 0001:0001e182       __access                   0041f182 f   LIBCMT:access.obj
 0001:0001e19a       _strcat_s                  0041f19a f   LIBCMT:strcat_s.obj
 0001:0001e207       __fdopen                   0041f207 f   LIBCMT:fdopen.obj
 0001:0001e37d       __pipe                     0041f37d f   LIBCMT:pipe.obj
 0001:0001e623       __cwait                    0041f623 f   LIBCMT:wait.obj
 0001:0001e6b4       ___loctotime64_t           0041f6b4 f   LIBCMT:dtoxtm64.obj
 0001:0001e920       __SEH_prolog4_GS           0041f920 f   LIBCMT:sehprolg4gs.obj
 0001:0001e968       __SEH_epilog4_GS           0041f968 f   LIBCMT:sehprolg4gs.obj
 0001:0001e977       __fullpath                 0041f977 f   LIBCMT:fullpath.obj
 0001:0001ea6e       ___dtoxmode                0041fa6e f   LIBCMT:stat.obj
 0001:0001f25f       __sopen_helper             0042025f f   LIBCMT:open.obj
 0001:0001f323       __sopen_s                  00420323 f   LIBCMT:open.obj
 0001:0001f343       __getdrive                 00420343 f   LIBCMT:drive.obj
 0001:0001f411       __mbctolower_l             00420411 f   LIBCMT:mbtolwr.obj
 0001:0001f4b7       __mbctolower               004204b7 f   LIBCMT:mbtolwr.obj
 0001:0001f4ca       __mbspbrk_l                004204ca f   LIBCMT:mbspbrk.obj
 0001:0001f58f       __mbspbrk                  0042058f f   LIBCMT:mbspbrk.obj
 0001:0001f5a6       __lseek_nolock             004205a6 f   LIBCMT:lseek.obj
 0001:0001f61b       __lseek                    0042061b f   LIBCMT:lseek.obj
 0001:0001f6ef       __spawnvpe                 004206ef f   LIBCMT:spawnvpe.obj
 0001:0001f9cd       __spawnve                  004209cd f   LIBCMT:spawnve.obj
 0001:0001fbb6       __forcdecpt_l              00420bb6 f   LIBCMT:cvt.obj
 0001:0001fc2a       __cropzeros_l              00420c2a f   LIBCMT:cvt.obj
 0001:0001fcac       __positive                 00420cac f   LIBCMT:cvt.obj
 0001:0001fcc8       __fassign_l                00420cc8 f   LIBCMT:cvt.obj
 0001:0001fd0a       __fassign                  00420d0a f   LIBCMT:cvt.obj
 0001:0001fd43       __forcdecpt                00420d43 f   LIBCMT:cvt.obj
 0001:0001fd56       __cropzeros                00420d56 f   LIBCMT:cvt.obj
 0001:0001feca       __cftoe_l                  00420eca f   LIBCMT:cvt.obj
 0001:0001ff91       __cftoe                    00420f91 f   LIBCMT:cvt.obj
 0001:0001ffb1       __cftoa_l                  00420fb1 f   LIBCMT:cvt.obj
 0001:0002042a       __cftof_l                  0042142a f   LIBCMT:cvt.obj
 0001:000204eb       __cftog_l                  004214eb f   LIBCMT:cvt.obj
 0001:000205d8       __cfltcvt_l                004215d8 f   LIBCMT:cvt.obj
 0001:00020660       __cfltcvt                  00421660 f   LIBCMT:cvt.obj
 0001:00020683       __setdefaultprecision      00421683 f   LIBCMT:fp8.obj
 0001:000206b0       __trandisp1                004216b0 f   LIBCMT:_87disp_.obj
 0001:00020717       __trandisp2                00421717 f   LIBCMT:_87disp_.obj
 0001:000207a3       __rttospopde               004217a3     LIBCMT:_87disp_.obj
 0001:000207a8       __rttospop                 004217a8     LIBCMT:_87disp_.obj
 0001:000207aa       __rtnospop                 004217aa     LIBCMT:_87disp_.obj
 0001:000207ac       __rttosnpop                004217ac     LIBCMT:_87disp_.obj
 0001:000207ad       __rtnospopde               004217ad     LIBCMT:_87disp_.obj
 0001:000207b4       __rtzeropop                004217b4     LIBCMT:_87disp_.obj
 0001:000207b6       __rtzeronpop               004217b6     LIBCMT:_87disp_.obj
 0001:000207bb       __rtonepop                 004217bb     LIBCMT:_87disp_.obj
 0001:000207bd       __rtonenpop                004217bd     LIBCMT:_87disp_.obj
 0001:000207c2       __tosnan1                  004217c2     LIBCMT:_87disp_.obj
 0001:000207ed       __nosnan2                  004217ed     LIBCMT:_87disp_.obj
 0001:000207ef       __tosnan2                  004217ef     LIBCMT:_87disp_.obj
 0001:00020817       __nan2                     00421817     LIBCMT:_87disp_.obj
 0001:00020856       __rtindfpop                00421856     LIBCMT:_87disp_.obj
 0001:00020858       __rtindfnpop               00421858     LIBCMT:_87disp_.obj
 0001:00020869       __rttosnpopde              00421869     LIBCMT:_87disp_.obj
 0001:00020873       __rtchsifneg               00421873     LIBCMT:_87disp_.obj
 0001:00020880       __startTwoArgErrorHandling 00421880 f   LIBCMT:_genexcep_.obj
 0001:00020897       __startOneArgErrorHandling 00421897 f   LIBCMT:_genexcep_.obj
 0001:000208e0       __twoToTOS                 004218e0 f   LIBCMT:_common_.obj
 0001:000208f5       __load_CW                  004218f5 f   LIBCMT:_common_.obj
 0001:0002090c       __convertTOStoQNaN         0042190c f   LIBCMT:_common_.obj
 0001:00020925       __fload_withFB             00421925 f   LIBCMT:_common_.obj
 0001:00020968       __checkTOS_withFB          00421968 f   LIBCMT:_common_.obj
 0001:0002097e       __fast_exit                0042197e f   LIBCMT:_common_.obj
 0001:0002098b       __math_exit                0042198b f   LIBCMT:_common_.obj
 0001:000209b5       __check_overflow_exit      004219b5 f   LIBCMT:_common_.obj
 0001:000209c9       __check_range_exit         004219c9 f   LIBCMT:_common_.obj
 0001:00020a8c       __fFATN2                   00421a8c     LIBCMT:_87triga_.obj
 0001:00020adc       __rtpiby2                  00421adc     LIBCMT:_87triga_.obj
 0001:00020b20       __cintrindisp2             00421b20 f   LIBCMT:_87cdisp_.obj
 0001:00020b5e       __cintrindisp1             00421b5e f   LIBCMT:_87cdisp_.obj
 0001:00020b9b       __ctrandisp2               00421b9b f   LIBCMT:_87cdisp_.obj
 0001:00020d2a       __ctrandisp1               00421d2a f   LIBCMT:_87cdisp_.obj
 0001:00020d5d       __fload                    00421d5d f   LIBCMT:_87cdisp_.obj
 0001:00020d99       __sse2_mathfcns_init       00421d99 f   LIBCMT:_mathfcns_.obj
 0001:00020db0       __CIlog_pentium4           00421db0 f   LIBCMT:_log_pentium4_.obj
 0001:00020dc8       __log_pentium4             00421dc8     LIBCMT:_log_pentium4_.obj
 0001:00021031       __fFEXP                    00422031     LIBCMT:_87tran_.obj
 0001:00021088       __rtinfpopse               00422088     LIBCMT:_87tran_.obj
 0001:0002108a       __rtinfnpopse              0042208a     LIBCMT:_87tran_.obj
 0001:0002109a       __fFLN                     0042209a     LIBCMT:_87tran_.obj
 0001:0002114f       __rtinfpop                 0042214f     LIBCMT:_87tran_.obj
 0001:00021151       __rtinfnpop                00422151     LIBCMT:_87tran_.obj
 0001:0002116e       __ffexpm1                  0042216e     LIBCMT:_87tran_.obj
 0001:00021220       __CIpow_pentium4           00422220 f   LIBCMT:_pow_pentium4_.obj
 0001:00021239       __pow_pentium4             00422239     LIBCMT:_pow_pentium4_.obj
 0001:00021d80       __d_inttype                00422d80 f   LIBCMT:_powhlp_.obj
 0001:00021dea       __powhlp                   00422dea f   LIBCMT:_powhlp_.obj
 0001:00021f20       __CIacos_pentium4          00422f20 f   LIBCMT:_acos_pentium4_.obj
 0001:00021f38       __acos_pentium4            00422f38     LIBCMT:_acos_pentium4_.obj
 0001:00022480       __CIasin_pentium4          00423480 f   LIBCMT:_asin_pentium4_.obj
 0001:00022498       __asin_pentium4            00423498     LIBCMT:_asin_pentium4_.obj
 0001:00022a00       __CIatan_pentium4          00423a00 f   LIBCMT:_atan_pentium4_.obj
 0001:00022a18       __atan_pentium4            00423a18     LIBCMT:_atan_pentium4_.obj
 0001:00022cf0       __CItan_pentium4           00423cf0 f   LIBCMT:_tan_pentium4_.obj
 0001:00022d08       __tan_pentium4             00423d08     LIBCMT:_tan_pentium4_.obj
 0001:00022f50       __CIcos_pentium4           00423f50 f   LIBCMT:_cos_pentium4_.obj
 0001:00022f68       __cos_pentium4             00423f68     LIBCMT:_cos_pentium4_.obj
 0001:00023100       __CIsin_pentium4           00424100 f   LIBCMT:_sin_pentium4_.obj
 0001:00023118       __sin_pentium4             00424118     LIBCMT:_sin_pentium4_.obj
 0001:000232d0       __CIexp_pentium4           004242d0 f   LIBCMT:_exp_pentium4_.obj
 0001:000232e8       __exp_pentium4             004242e8     LIBCMT:_exp_pentium4_.obj
 0001:00023590       ___libm_error_support      00424590 f   LIBCMT:_libm_error_.obj
 0001:0002385c       __floor_default            0042485c f   LIBCMT:_floor_.obj
 0001:00023934       __fltin2                   00424934 f   LIBCMT:_cfin_.obj
 0001:000239db       ___strgtold12_l            004249db f   LIBCMT:_strgtold_.obj
 0001:000240b7       __isatty                   004250b7 f   LIBCMT:isatty.obj
 0001:0002410d       __wctomb_s_l               0042510d f   LIBCMT:wctomb.obj
 0001:00024262       _wctomb_s                  00425262 f   LIBCMT:wctomb.obj
 0001:0002427f       __isleadbyte_l             0042527f f i LIBCMT:_wctype.obj
 0001:000242b7       _isleadbyte                004252b7 f i LIBCMT:_wctype.obj
 0001:000242d0       __aulldvrm                 004252d0 f   LIBCMT:ulldvrm.obj
 0001:00024365       __crt_debugger_hook        00425365 f   LIBCMT:dbghook.obj
 0001:0002436d       _realloc                   0042536d f   LIBCMT:realloc.obj
 0001:0002441a       __recalloc                 0042541a f   LIBCMT:recalloc.obj
 0001:00024488       ___crtMessageBoxW          00425488 f   LIBCMT:crtmboxw.obj
 0001:000245f4       _wcscat_s                  004255f4 f   LIBCMT:wcscat_s.obj
 0001:00024669       _wcsncpy_s                 00425669 f   LIBCMT:wcsncpy_s.obj
 0001:00024736       _wcslen                    00425736 f   LIBCMT:wcslen.obj
 0001:00024751       _wcscpy_s                  00425751 f   LIBCMT:wcscpy_s.obj
 0001:000247b4       __set_error_mode           004257b4 f   LIBCMT:errmode.obj
 0001:00024846       __ismbblead                00425846 f   LIBCMT:ismbbyte.obj
 0001:0002485e       __lseeki64_nolock          0042585e f   LIBCMT:lseeki64.obj
 0001:000248e3       __lseeki64                 004258e3 f   LIBCMT:lseeki64.obj
 0001:000249cd       _abort                     004259cd f   LIBCMT:abort.obj
 0001:00024a00       _strncpy_s                 00425a00 f   LIBCMT:strncpy_s.obj
 0001:00024ab5       __freea                    00425ab5 f i LIBCMT:a_loc.obj
 0001:00024ad5       __msize                    00425ad5 f   LIBCMT:msize.obj
 0001:00024b08       __fptrap                   00425b08 f   LIBCMT:crt0fp.obj
 0001:00024b20       __allmul                   00425b20 f   LIBCMT:llmul.obj
 0001:00024b54       __putwch_nolock            00425b54 f   LIBCMT:putwch.obj
 0001:00024b96       __mbtowc_l                 00425b96 f   LIBCMT:mbtowc.obj
 0001:00024cac       _mbtowc                    00425cac f   LIBCMT:mbtowc.obj
 0001:00024cc6       __VEC_memzero              00425cc6 f   LIBCMT:p4_memset.obj
 0001:00024f67       ___crtLCMapStringA         00425f67 f   LIBCMT:a_map.obj
 0001:00025094       ___crtGetStringTypeA       00426094 f   LIBCMT:a_str.obj
 0001:000250d4       ___free_lc_time            004260d4 f   LIBCMT:inittime.obj
 0001:0002544b       ___free_lconv_num          0042644b f   LIBCMT:initnum.obj
 0001:000254b4       ___free_lconv_mon          004264b4 f   LIBCMT:initmon.obj
 0001:000255b2       ____lc_codepage_func       004265b2 f   LIBCMT:initctyp.obj
 0001:000255e0       _strcspn                   004265e0 f   LIBCMT:strcspn.obj
 0001:00025630       _strcmp                    00426630 f   LIBCMT:strcmp.obj
 0001:000256b8       _strncmp                   004266b8 f   LIBCMT:strncmp.obj
 0001:00025780       _strpbrk                   00426780 f   LIBCMT:strpbrk.obj
 0001:000257c0       __mbsnbicmp_l              004267c0 f   LIBCMT:mbsnbicm.obj
 0001:000259c4       __mbsnbicmp                004269c4 f   LIBCMT:mbsnbicm.obj
 0001:000259de       __mbsnbcmp_l               004269de f   LIBCMT:mbsnbcmp.obj
 0001:00025b2a       __mbsnbcmp                 00426b2a f   LIBCMT:mbsnbcmp.obj
 0001:00025b50       __global_unwind2           00426b50 f   LIBCMT:exsup.obj
 0001:00025bb5       __local_unwind2            00426bb5 f   LIBCMT:exsup.obj
 0001:00025c39       __abnormal_termination     00426c39 f   LIBCMT:exsup.obj
 0001:00025c5c       __NLG_Notify1              00426c5c f   LIBCMT:exsup.obj
 0001:00025c65       __NLG_Notify               00426c65 f   LIBCMT:exsup.obj
 0001:00025c7c       __NLG_Dispatch             00426c7c     LIBCMT:exsup.obj
 0001:00025c7c       __NLG_Dispatch2            00426c7c     LIBCMT:exsup.obj
 0001:00025c84       __NLG_Call                 00426c84 f   LIBCMT:exsup.obj
 0001:00025c86       __NLG_Return2              00426c86     LIBCMT:exsup.obj
 0001:00025ef5       ___crtCompareStringA       00426ef5 f   LIBCMT:a_cmp.obj
 0001:00025f37       __strnicoll_l              00426f37 f   LIBCMT:strnicol.obj
 0001:000260d3       ___crtsetenv               004270d3 f   LIBCMT:setenv.obj
 0001:00026320       _strrchr                   00427320 f   LIBCMT:strrchr.obj
 0001:0002634d       __setmode_nolock           0042734d f   LIBCMT:setmode.obj
 0001:00026408       __get_fmode                00427408 f   LIBCMT:setmode.obj
 0001:00026b16       ___tzset                   00427b16 f   LIBCMT:tzset.obj
 0001:00026b65       __isindst                  00427b65 f   LIBCMT:tzset.obj
 0001:00026ba6       __get_daylight             00427ba6 f   LIBCMT:timeset.obj
 0001:00026bd3       __get_dstbias              00427bd3 f   LIBCMT:timeset.obj
 0001:00026c00       __get_timezone             00427c00 f   LIBCMT:timeset.obj
 0001:00026c2d       ___daylight                00427c2d f   LIBCMT:timeset.obj
 0001:00026c33       ___dstbias                 00427c33 f   LIBCMT:timeset.obj
 0001:00026c39       ___timezone                00427c39 f   LIBCMT:timeset.obj
 0001:00026c3f       ___tzname                  00427c3f f   LIBCMT:timeset.obj
 0001:00026c45       __validdrive               00427c45 f   LIBCMT:getcwd.obj
 0001:00026c9f       __getdcwd_nolock           00427c9f f   LIBCMT:getcwd.obj
 0001:00026dc3       __getcwd                   00427dc3 f   LIBCMT:getcwd.obj
 0001:00026e0c       __mbsicmp_l                00427e0c f   LIBCMT:mbsicmp.obj
 0001:00027003       __mbsicmp                  00428003 f   LIBCMT:mbsicmp.obj
 0001:0002701a       __chsize_nolock            0042801a f   LIBCMT:chsize.obj
 0001:000271d0       __mbschr_l                 004281d0 f   LIBCMT:mbschr.obj
 0001:00027280       __mbschr                   00428280 f   LIBCMT:mbschr.obj
 0001:00027297       __dospawn                  00428297 f   LIBCMT:dospawn.obj
 0001:0002749b       __cenvarg                  0042849b f   LIBCMT:cenvarg.obj
 0001:00027837       __tolower_l                00428837 f   LIBCMT:tolower.obj
 0001:0002794c       _tolower                   0042894c f   LIBCMT:tolower.obj
 0001:00027978       __atodbl_l                 00428978 f   LIBCMT:atodbl.obj
 0001:00027a20       __atoflt_l                 00428a20 f   LIBCMT:atodbl.obj
 0001:00027ad0       _memmove                   00428ad0 f   LIBCMT:memmove.obj
 0001:00027e31       __fptostr                  00428e31 f   LIBCMT:_fptostr.obj
 0001:00027ee4       ___dtold                   00428ee4 f   LIBCMT:_cfout_.obj
 0001:00027f97       __fltout2                  00428f97 f   LIBCMT:_cfout_.obj
 0001:00028030       __alldvrm                  00429030 f   LIBCMT:lldvrm.obj
 0001:00028110       __aullshr                  00429110 f   LIBCMT:ullshr.obj
 0001:0002812f       __controlfp_s              0042912f f   LIBCMT:_contrlfp_.obj
 0001:0002818e       __87except                 0042918e f   LIBCMT:_87except_.obj
 0001:000282cd       __frnd                     004292cd f   LIBCMT:_frnd_.obj
 0001:000282e1       __fpclass                  004292e1 f   LIBCMT:_ieeemisc_.obj
 0001:0002837e       __set_exp                  0042937e f   LIBCMT:_util_.obj
 0001:000283ab       __sptype                   004293ab f   LIBCMT:_util_.obj
 0001:00028411       __decomp                   00429411 f   LIBCMT:_util_.obj
 0001:000284d4       __matherr                  004294d4 f   LIBCMT:_matherr_.obj
 0001:000284d7       __raise_exc_ex             004294d7 f   LIBCMT:_fpexcept_.obj
 0001:000287b3       __raise_exc                004297b3 f   LIBCMT:_fpexcept_.obj
 0001:000287d6       __handle_exc               004297d6 f   LIBCMT:_fpexcept_.obj
 0001:000289ba       __set_errno_from_matherr   004299ba f   LIBCMT:_fpexcept_.obj
 0001:000289e7       __errcode                  004299e7 f   LIBCMT:_fpexcept_.obj
 0001:00028a1b       __umatherr                 00429a1b f   LIBCMT:_fpexcept_.obj
 0001:00028abb       __handle_qnan1             00429abb f   LIBCMT:_fpexcept_.obj
 0001:00028b10       __except1                  00429b10 f   LIBCMT:_fpexcept_.obj
 0001:00028bda       __statfp                   00429bda f   LIBCMT:_fpctrl_.obj
 0001:00028bea       __clrfp                    00429bea f   LIBCMT:_fpctrl_.obj
 0001:00028bfb       __ctrlfp                   00429bfb f   LIBCMT:_fpctrl_.obj
 0001:00028c26       __set_statfp               00429c26 f   LIBCMT:_fpctrl_.obj
 0001:00028c7e       ___set_fpsr_sse2           00429c7e f   LIBCMT:_fpctrl_.obj
 0001:00028cf0       __ld12tod                  00429cf0 f   LIBCMT:_intrncvt_.obj
 0001:00029241       __ld12tof                  0042a241 f   LIBCMT:_intrncvt_.obj
 0001:00029792       ___mtold12                 0042a792 f   LIBCMT:_mantold_.obj
 0001:00029980       __alloca_probe_16          0042a980 f   LIBCMT:alloca16.obj
 0001:00029996       __alloca_probe_8           0042a996     LIBCMT:alloca16.obj
 0001:000299ac       ___initconout              0042a9ac f   LIBCMT:initcon.obj
 0001:000299cb       ___termconout              0042a9cb f   LIBCMT:initcon.obj
 0001:000299e2       ___ascii_stricmp           0042a9e2 f   LIBCMT:stricmp.obj
 0001:00029a1b       __stricmp_l                0042aa1b f   LIBCMT:stricmp.obj
 0001:00029adb       __strnicmp_l               0042aadb f   LIBCMT:strnicmp.obj
 0001:00029bbd       __strnicmp                 0042abbd f   LIBCMT:strnicmp.obj
 0001:00029c10       _strdup                    0042ac10 f   LIBCMT:strdup.obj
 0001:00029c10       __strdup                   0042ac10 f   LIBCMT:strdup.obj
 0001:00029c80       _strchr                    0042ac80 f   LIBCMT:strchr.obj
 0001:00029c86       ___from_strstr_to_strchr   0042ac86     LIBCMT:strchr.obj
 0001:00029d3e       __mbsnicmp_l               0042ad3e f   LIBCMT:mbsnicmp.obj
 0001:00029f09       __mbsnicmp                 0042af09 f   LIBCMT:mbsnicmp.obj
 0001:00029f23       _$I10_OUTPUT               0042af23 f   LIBCMT:_x10fout_.obj
 0001:0002a949       __control87                0042b949 f i LIBCMT:_ieee87_.obj
 0001:0002ac60       ___ascii_strnicmp          0042bc60 f   LIBCMT:_strnicm.obj
 0001:0002acc2       _RtlUnwind@16              0042bcc2 f   kernel32:KERNEL32.dll
 0001:0002acc8       _closesocket@4             0042bcc8 f   wsock32:WSOCK32.dll
 0001:0002acce       _WSAStartup@8              0042bcce f   wsock32:WSOCK32.dll
 0001:0002acd4       _gethostname@8             0042bcd4 f   wsock32:WSOCK32.dll
 0001:0002acda       _inet_ntoa@4               0042bcda f   wsock32:WSOCK32.dll
 0001:0002ace0       _gethostbyname@4           0042bce0 f   wsock32:WSOCK32.dll
 0001:0002ace6       _getpeername@12            0042bce6 f   wsock32:WSOCK32.dll
 0001:0002acec       _ntohs@4                   0042bcec f   wsock32:WSOCK32.dll
 0001:0002acf2       _recv@16                   0042bcf2 f   wsock32:WSOCK32.dll
 0001:0002acf8       _ntohl@4                   0042bcf8 f   wsock32:WSOCK32.dll
 0001:0002acfe       _htonl@4                   0042bcfe f   wsock32:WSOCK32.dll
 0001:0002ad04       _send@16                   0042bd04 f   wsock32:WSOCK32.dll
 0001:0002ad0a       _setsockopt@20             0042bd0a f   wsock32:WSOCK32.dll
 0001:0002ad10       _connect@12                0042bd10 f   wsock32:WSOCK32.dll
 0001:0002ad16       _socket@12                 0042bd16 f   wsock32:WSOCK32.dll
 0001:0002ad1c       _htons@4                   0042bd1c f   wsock32:WSOCK32.dll
 0001:0002ad22       _WSAGetLastError@0         0042bd22 f   wsock32:WSOCK32.dll
 0001:0002ad28       _inet_addr@4               0042bd28 f   wsock32:WSOCK32.dll
 0001:0002ad2e       _listen@8                  0042bd2e f   wsock32:WSOCK32.dll
 0001:0002ad34       _bind@12                   0042bd34 f   wsock32:WSOCK32.dll
 0001:0002ad3a       _select@20                 0042bd3a f   wsock32:WSOCK32.dll
 0001:0002ad40       _accept@12                 0042bd40 f   wsock32:WSOCK32.dll
 0001:0002ad46       __chdir                    0042bd46 f   LIBCMT:chdir.obj
 0001:0002ad46       _chdir                     0042bd46 f   LIBCMT:chdir.obj
 0001:0002ae6f       __mbctoupper_l             0042be6f f   LIBCMT:mbtoupr.obj
 0001:0002af15       __mbctoupper               0042bf15 f   LIBCMT:mbtoupr.obj
 0002:00000000       __imp__CloseHandle@4       0042c000     kernel32:KERNEL32.dll
 0002:00000004       __imp__TerminateThread@8   0042c004     kernel32:KERNEL32.dll
 0002:00000008       __imp__WaitForSingleObject@8 0042c008     kernel32:KERNEL32.dll
 0002:0000000c       __imp__CreateMutexA@12     0042c00c     kernel32:KERNEL32.dll
 0002:00000010       __imp__ReleaseMutex@4      0042c010     kernel32:KERNEL32.dll
 0002:00000014       __imp__SuspendThread@4     0042c014     kernel32:KERNEL32.dll
 0002:00000018       __imp__ResumeThread@4      0042c018     kernel32:KERNEL32.dll
 0002:0000001c       __imp__EnterCriticalSection@4 0042c01c     kernel32:KERNEL32.dll
 0002:00000020       __imp__LeaveCriticalSection@4 0042c020     kernel32:KERNEL32.dll
 0002:00000024       __imp__GetCommandLineA@0   0042c024     kernel32:KERNEL32.dll
 0002:00000028       __imp__HeapSetInformation@16 0042c028     kernel32:KERNEL32.dll
 0002:0000002c       __imp__GetSystemTimeAsFileTime@4 0042c02c     kernel32:KERNEL32.dll
 0002:00000030       __imp__GetProcAddress@8    0042c030     kernel32:KERNEL32.dll
 0002:00000034       __imp__GetModuleHandleW@4  0042c034     kernel32:KERNEL32.dll
 0002:00000038       __imp__ExitProcess@4       0042c038     kernel32:KERNEL32.dll
 0002:0000003c       __imp__DecodePointer@4     0042c03c     kernel32:KERNEL32.dll
 0002:00000040       __imp__HeapAlloc@12        0042c040     kernel32:KERNEL32.dll
 0002:00000044       __imp__GetLastError@0      0042c044     kernel32:KERNEL32.dll
 0002:00000048       __imp__HeapFree@12         0042c048     kernel32:KERNEL32.dll
 0002:0000004c       __imp__EncodePointer@4     0042c04c     kernel32:KERNEL32.dll
 0002:00000050       __imp__SetConsoleCtrlHandler@8 0042c050     kernel32:KERNEL32.dll
 0002:00000054       __imp__ExitThread@4        0042c054     kernel32:KERNEL32.dll
 0002:00000058       __imp__GetCurrentThreadId@0 0042c058     kernel32:KERNEL32.dll
 0002:0000005c       __imp__CreateThread@24     0042c05c     kernel32:KERNEL32.dll
 0002:00000060       __imp__GetCurrentProcessId@0 0042c060     kernel32:KERNEL32.dll
 0002:00000064       __imp__Sleep@4             0042c064     kernel32:KERNEL32.dll
 0002:00000068       __imp__CreateProcessA@40   0042c068     kernel32:KERNEL32.dll
 0002:0000006c       __imp__DuplicateHandle@28  0042c06c     kernel32:KERNEL32.dll
 0002:00000070       __imp__GetCurrentProcess@0 0042c070     kernel32:KERNEL32.dll
 0002:00000074       __imp__FileTimeToSystemTime@8 0042c074     kernel32:KERNEL32.dll
 0002:00000078       __imp__FileTimeToLocalFileTime@8 0042c078     kernel32:KERNEL32.dll
 0002:0000007c       __imp__GetFileInformationByHandle@8 0042c07c     kernel32:KERNEL32.dll
 0002:00000080       __imp__PeekNamedPipe@24    0042c080     kernel32:KERNEL32.dll
 0002:00000084       __imp__GetFileType@4       0042c084     kernel32:KERNEL32.dll
 0002:00000088       __imp__FindClose@4         0042c088     kernel32:KERNEL32.dll
 0002:0000008c       __imp__GetDriveTypeA@4     0042c08c     kernel32:KERNEL32.dll
 0002:00000090       __imp__FindFirstFileExA@24 0042c090     kernel32:KERNEL32.dll
 0002:00000094       __imp__SetHandleCount@4    0042c094     kernel32:KERNEL32.dll
 0002:00000098       __imp__GetStdHandle@4      0042c098     kernel32:KERNEL32.dll
 0002:0000009c       __imp__InitializeCriticalSectionAndSpinCount@8 0042c09c     kernel32:KERNEL32.dll
 0002:000000a0       __imp__GetStartupInfoW@4   0042c0a0     kernel32:KERNEL32.dll
 0002:000000a4       __imp__DeleteCriticalSection@4 0042c0a4     kernel32:KERNEL32.dll
 0002:000000a8       __imp__UnhandledExceptionFilter@4 0042c0a8     kernel32:KERNEL32.dll
 0002:000000ac       __imp__SetUnhandledExceptionFilter@4 0042c0ac     kernel32:KERNEL32.dll
 0002:000000b0       __imp__IsDebuggerPresent@0 0042c0b0     kernel32:KERNEL32.dll
 0002:000000b4       __imp__TerminateProcess@8  0042c0b4     kernel32:KERNEL32.dll
 0002:000000b8       __imp__WriteFile@20        0042c0b8     kernel32:KERNEL32.dll
 0002:000000bc       __imp__GetModuleFileNameW@12 0042c0bc     kernel32:KERNEL32.dll
 0002:000000c0       __imp__GetModuleFileNameA@12 0042c0c0     kernel32:KERNEL32.dll
 0002:000000c4       __imp__FreeEnvironmentStringsW@4 0042c0c4     kernel32:KERNEL32.dll
 0002:000000c8       __imp__WideCharToMultiByte@32 0042c0c8     kernel32:KERNEL32.dll
 0002:000000cc       __imp__GetEnvironmentStringsW@0 0042c0cc     kernel32:KERNEL32.dll
 0002:000000d0       __imp__TlsAlloc@0          0042c0d0     kernel32:KERNEL32.dll
 0002:000000d4       __imp__TlsGetValue@4       0042c0d4     kernel32:KERNEL32.dll
 0002:000000d8       __imp__TlsSetValue@8       0042c0d8     kernel32:KERNEL32.dll
 0002:000000dc       __imp__TlsFree@4           0042c0dc     kernel32:KERNEL32.dll
 0002:000000e0       __imp__InterlockedIncrement@4 0042c0e0     kernel32:KERNEL32.dll
 0002:000000e4       __imp__SetLastError@4      0042c0e4     kernel32:KERNEL32.dll
 0002:000000e8       __imp__InterlockedDecrement@4 0042c0e8     kernel32:KERNEL32.dll
 0002:000000ec       __imp__HeapCreate@12       0042c0ec     kernel32:KERNEL32.dll
 0002:000000f0       __imp__QueryPerformanceCounter@4 0042c0f0     kernel32:KERNEL32.dll
 0002:000000f4       __imp__GetTickCount@0      0042c0f4     kernel32:KERNEL32.dll
 0002:000000f8       __imp__LoadLibraryW@4      0042c0f8     kernel32:KERNEL32.dll
 0002:000000fc       __imp__SetStdHandle@8      0042c0fc     kernel32:KERNEL32.dll
 0002:00000100       __imp__GetConsoleCP@0      0042c100     kernel32:KERNEL32.dll
 0002:00000104       __imp__GetConsoleMode@8    0042c104     kernel32:KERNEL32.dll
 0002:00000108       __imp__MultiByteToWideChar@24 0042c108     kernel32:KERNEL32.dll
 0002:0000010c       __imp__ReadFile@20         0042c10c     kernel32:KERNEL32.dll
 0002:00000110       __imp__IsProcessorFeaturePresent@4 0042c110     kernel32:KERNEL32.dll
 0002:00000114       __imp__FlushFileBuffers@4  0042c114     kernel32:KERNEL32.dll
 0002:00000118       __imp__GetCPInfo@8         0042c118     kernel32:KERNEL32.dll
 0002:0000011c       __imp__GetACP@0            0042c11c     kernel32:KERNEL32.dll
 0002:00000120       __imp__GetOEMCP@0          0042c120     kernel32:KERNEL32.dll
 0002:00000124       __imp__IsValidCodePage@4   0042c124     kernel32:KERNEL32.dll
 0002:00000128       __imp__RtlUnwind@16        0042c128     kernel32:KERNEL32.dll
 0002:0000012c       __imp__GetFileAttributesA@4 0042c12c     kernel32:KERNEL32.dll
 0002:00000130       __imp__CreatePipe@16       0042c130     kernel32:KERNEL32.dll
 0002:00000134       __imp__GetExitCodeProcess@8 0042c134     kernel32:KERNEL32.dll
 0002:00000138       __imp__GetFullPathNameA@16 0042c138     kernel32:KERNEL32.dll
 0002:0000013c       __imp__CreateFileA@28      0042c13c     kernel32:KERNEL32.dll
 0002:00000140       __imp__GetCurrentDirectoryW@8 0042c140     kernel32:KERNEL32.dll
 0002:00000144       __imp__SetFilePointer@16   0042c144     kernel32:KERNEL32.dll
 0002:00000148       __imp__HeapReAlloc@16      0042c148     kernel32:KERNEL32.dll
 0002:0000014c       __imp__HeapSize@12         0042c14c     kernel32:KERNEL32.dll
 0002:00000150       __imp__WriteConsoleW@20    0042c150     kernel32:KERNEL32.dll
 0002:00000154       __imp__LCMapStringW@24     0042c154     kernel32:KERNEL32.dll
 0002:00000158       __imp__GetStringTypeW@16   0042c158     kernel32:KERNEL32.dll
 0002:0000015c       __imp__CompareStringW@24   0042c15c     kernel32:KERNEL32.dll
 0002:00000160       __imp__SetEnvironmentVariableA@8 0042c160     kernel32:KERNEL32.dll
 0002:00000164       __imp__GetTimeZoneInformation@4 0042c164     kernel32:KERNEL32.dll
 0002:00000168       __imp__GetDriveTypeW@4     0042c168     kernel32:KERNEL32.dll
 0002:0000016c       __imp__SetEndOfFile@4      0042c16c     kernel32:KERNEL32.dll
 0002:00000170       __imp__GetProcessHeap@0    0042c170     kernel32:KERNEL32.dll
 0002:00000174       __imp__RaiseException@16   0042c174     kernel32:KERNEL32.dll
 0002:00000178       __imp__CreateFileW@28      0042c178     kernel32:KERNEL32.dll
 0002:0000017c       __imp__GetCurrentDirectoryA@8 0042c17c     kernel32:KERNEL32.dll
 0002:00000180       __imp__SetCurrentDirectoryA@4 0042c180     kernel32:KERNEL32.dll
 0002:00000184       \177KERNEL32_NULL_THUNK_DATA 0042c184     kernel32:KERNEL32.dll
 0002:00000188       __imp__gethostname@8       0042c188     wsock32:WSOCK32.dll
 0002:0000018c       __imp__inet_ntoa@4         0042c18c     wsock32:WSOCK32.dll
 0002:00000190       __imp__gethostbyname@4     0042c190     wsock32:WSOCK32.dll
 0002:00000194       __imp__getpeername@12      0042c194     wsock32:WSOCK32.dll
 0002:00000198       __imp__ntohs@4             0042c198     wsock32:WSOCK32.dll
 0002:0000019c       __imp__recv@16             0042c19c     wsock32:WSOCK32.dll
 0002:000001a0       __imp__ntohl@4             0042c1a0     wsock32:WSOCK32.dll
 0002:000001a4       __imp__htonl@4             0042c1a4     wsock32:WSOCK32.dll
 0002:000001a8       __imp__send@16             0042c1a8     wsock32:WSOCK32.dll
 0002:000001ac       __imp__setsockopt@20       0042c1ac     wsock32:WSOCK32.dll
 0002:000001b0       __imp__connect@12          0042c1b0     wsock32:WSOCK32.dll
 0002:000001b4       __imp__socket@12           0042c1b4     wsock32:WSOCK32.dll
 0002:000001b8       __imp__htons@4             0042c1b8     wsock32:WSOCK32.dll
 0002:000001bc       __imp__WSAGetLastError@0   0042c1bc     wsock32:WSOCK32.dll
 0002:000001c0       __imp__inet_addr@4         0042c1c0     wsock32:WSOCK32.dll
 0002:000001c4       __imp__listen@8            0042c1c4     wsock32:WSOCK32.dll
 0002:000001c8       __imp__bind@12             0042c1c8     wsock32:WSOCK32.dll
 0002:000001cc       __imp__select@20           0042c1cc     wsock32:WSOCK32.dll
 0002:000001d0       __imp__accept@12           0042c1d0     wsock32:WSOCK32.dll
 0002:000001d4       __imp__closesocket@4       0042c1d4     wsock32:WSOCK32.dll
 0002:000001d8       __imp__WSAStartup@8        0042c1d8     wsock32:WSOCK32.dll
 0002:000001dc       \177WSOCK32_NULL_THUNK_DATA 0042c1dc     wsock32:WSOCK32.dll
 0002:000001e0       ___xc_a                    0042c1e0     LIBCMT:crt0init.obj
 0002:000001e4       ___xc_z                    0042c1e4     LIBCMT:crt0init.obj
 0002:000001e8       ___xi_a                    0042c1e8     LIBCMT:crt0init.obj
 0002:00000208       ___xi_z                    0042c208     LIBCMT:crt0init.obj
 0002:0000020c       ___xp_a                    0042c20c     LIBCMT:crt0init.obj
 0002:00000218       ___xp_z                    0042c218     LIBCMT:crt0init.obj
 0002:0000021c       ___xt_a                    0042c21c     LIBCMT:crt0init.obj
 0002:00000220       ___xt_z                    0042c220     LIBCMT:crt0init.obj
 0002:00000230       ??_C@_07IPMECBNO@user_bp?$AA@ 0042c230     brev.obj
 0002:00000238       ??_C@_01PAPGNFGE@c?$AA@    0042c238     brev.obj
 0002:0000023c       ??_C@_07FFBONCCO@v0563c0?$AA@ 0042c23c     brev.obj
 0002:00000244       ??_C@_04CMGAJDGD@brev?$AA@ 0042c244     brev.obj
 0002:0000024c       ??_C@_01JBBJJEPG@p?$AA@    0042c24c     brev.obj
 0002:00000250       ??_C@_07OKPPBOMK@runtime?$AA@ 0042c250     brev.obj
 0002:00000258       ??_C@_04KOJKLCBG@1000?$AA@ 0042c258     brev.obj
 0002:00000260       ??_C@_0CB@PKICBPCH@BMARK_brev_1000_times_300_nrevs?3@ 0042c260     brev.obj
 0002:00000284       ??_C@_03CCCOBCKE@big?$AA@  0042c284     brev.obj
 0002:00000288       ??_C@_03MHAIKEMP@300?$AA@  0042c288     brev.obj
 0002:0000028c       ??_C@_0M@HGBLNGMI@BMARK_brev?3?$AA@ 0042c28c     brev.obj
 0002:00000298       ??_C@_04CEJDCDCH@test?$AA@ 0042c298     brev.obj
 0002:000002a0       ??_C@_02PGAMAILP@g4?$AA@   0042c2a0     brev.obj
 0002:000002a4       ??_C@_0P@MFKLNEDB@use?5bp?5?9h20000?$AA@ 0042c2a4     brev.obj
 0002:000002b4       ??_C@_04OJDKMIMG@2000?$AA@ 0042c2b4     brev.obj
 0002:000002bc       ??_C@_02LJENJOHI@g3?$AA@   0042c2bc     brev.obj
 0002:000002c0       ??_C@_02KAFGKPDJ@g2?$AA@   0042c2c0     brev.obj
 0002:000002c4       ??_C@_03BAAJCDMO@800?$AA@  0042c2c4     brev.obj
 0002:000002c8       ??_C@_02ILHLPMPK@g1?$AA@   0042c2c8     brev.obj
 0002:000002cc       ??_C@_03HPLEMDKK@200?$AA@  0042c2cc     brev.obj
 0002:000002d0       ??_C@_02JCGAMNLL@g0?$AA@   0042c2d0     brev.obj
 0002:000002d4       ??_C@_03GNABGMEE@100?$AA@  0042c2d4     brev.obj
 0002:000002d8       ??_C@_02PNFIDHGF@50?$AA@   0042c2d8     brev.obj
 0002:000002dc       ??_C@_02GHJKAGCI@gg?$AA@   0042c2dc     brev.obj
 0002:000002e0       ??_C@_05GGABMBGF@klips?$AA@ 0042c2e0     brev.obj
 0002:000002e8       ??_C@_04CLCEDBPF@time?$AA@ 0042c2e8     brev.obj
 0002:000002f0       ??_C@_06IJDLPEM@length?$AA@ 0042c2f0     brev.obj
 0002:000002f8       ??_C@_0L@LEIMKHLK@iterations?$AA@ 0042c2f8     brev.obj
 0002:00000304       ??_C@_04PKENOLLO@heap?$AA@ 0042c304     brev.obj
 0002:0000030c       ??_C@_05IANLDAEP@stack?$AA@ 0042c30c     brev.obj
 0002:00000314       ??_C@_01NEMOKFLO@?$DN?$AA@ 0042c314     brev.obj
 0002:00000318       ??_C@_05NGFEDHGN@write?$AA@ 0042c318     brev.obj
 0002:00000320       ??_C@_02ILLPOEGM@nl?$AA@   0042c320     brev.obj
 0002:00000324       ??_C@_02KPEDIMCA@go?$AA@   0042c324     brev.obj
 0002:00000328       ??_C@_0M@IHKJBCMK@local_stack?$AA@ 0042c328     brev.obj
 0002:00000334       ??_C@_05FAEIOGEG@trail?$AA@ 0042c334     brev.obj
 0002:0000033c       ??_C@_0N@GPEKCFBP@global_stack?$AA@ 0042c33c     brev.obj
 0002:0000034c       ??_C@_0L@PIHPICBN@statistics?$AA@ 0042c34c     brev.obj
 0002:00000358       ??_C@_05LHNEPIKO@htest?$AA@ 0042c358     brev.obj
 0002:00000360       ??_C@_09FGHMLDD@270782464?$AA@ 0042c360     brev.obj
 0002:0000036c       ??_C@_06LKANLBLF@$float?$AA@ 0042c36c     brev.obj
 0002:00000374       ??_C@_01KMDKNFGN@?1?$AA@   0042c374     brev.obj
 0002:00000378       ??_C@_01NBENCBCI@?$CK?$AA@ 0042c378     brev.obj
 0002:0000037c       ??_C@_01FDFGLJHB@2?$AA@    0042c37c     brev.obj
 0002:00000380       ??_C@_01MIFGBAGJ@?$CL?$AA@ 0042c380     brev.obj
 0002:00000384       ??_C@_05NAPFDJNG@timer?$AA@ 0042c384     brev.obj
 0002:0000038c       ??_C@_02JLLOCMEJ@bm?$AA@   0042c38c     brev.obj
 0002:00000390       ??_C@_08BIMEDOJB@integers?$AA@ 0042c390     brev.obj
 0002:0000039c       ??_C@_01GBGANLPD@0?$AA@    0042c39c     brev.obj
 0002:000003a0       ??_C@_0M@POEMMNFD@empty_range?$AA@ 0042c3a0     brev.obj
 0002:000003ac       ??_C@_05JLNEMJLN@dummy?$AA@ 0042c3ac     brev.obj
 0002:000003b4       ??_C@_05CCGOGOBM@range?$AA@ 0042c3b4     brev.obj
 0002:000003bc       ??_C@_04CCHLMOGN@fail?$AA@ 0042c3bc     brev.obj
 0002:000003c4       ??_C@_01IDAFKMJL@_?$AA@    0042c3c4     brev.obj
 0002:000003c8       ??_C@_0L@LIKEDCOO@full_range?$AA@ 0042c3c8     brev.obj
 0002:000003d4       ??_C@_04OJJAHOGC@nrev?$AA@ 0042c3d4     brev.obj
 0002:000003dc       ??_C@_01HIHLOKLC@1?$AA@    0042c3dc     brev.obj
 0002:000003e0       ??_C@_01JOAMLHOP@?9?$AA@   0042c3e0     brev.obj
 0002:000003e4       ??_C@_01LFCBOECM@?4?$AA@   0042c3e4     brev.obj
 0002:000003e8       ??_C@_04LOAJBDKD@true?$AA@ 0042c3e8     brev.obj
 0002:000003f0       ??_C@_01OGPIMHDM@?$DP?$AA@ 0042c3f0     brev.obj
 0002:000003f4       ??_C@_02GPECMEKF@?$FL?$FN?$AA@ 0042c3f4     brev.obj
 0002:000003f8       ??_C@_03CGOPKBCD@app?$AA@  0042c3f8     brev.obj
 0002:000003fc       ??_C@_0BC@OCCOLGAN@trailing?5in?5unify?$AA@ 0042c3fc     brev.obj
 0002:00000410       ??_C@_0CH@OAENFKOC@c?4c?5?$CISTUB?5ONLY?$CJ?5?3?5undefined?5beha@ 0042c410     c.obj
 0002:00000437       ??_C@_00CNPNBAHC@?$AA@     0042c437     c.obj
 0002:00000438       ??_C@_02DKCKIIND@?$CFs?$AA@ 0042c438     c.obj
 0002:0000043c       ??_C@_0BL@ENDCLDLC@No?5definition?5for?3?5?$CFs?1?$CFd?4?6?$AA@ 0042c43c     bpr:ru.obj
 0002:00000458       ??_C@_09NFABFJEF@BinProlog?$AA@ 0042c458     bpr:ru.obj
 0002:00000464       ??_C@_0N@FJBEBFDD@?$CFs?0?5?$CD?$CFd?4?$CF02d?$AA@ 0042c464     bpr:ru.obj
 0002:00000474       ??_C@_0DC@KMHMJNFB@?6?$CFs?5?$CFs?$CFs?$CFs?$CFs?$CFs?$CFs?$CFs?$CFs?$CFs?6Detected?5@ 0042c474     bpr:ru.obj
 0002:000004a8       ??_C@_0CF@JOHHIFCH@Copyright?5?$CIC?$CJ?5Paul?5Tarau?51992?920@ 0042c4a8     bpr:ru.obj
 0002:000004d0       ??_C@_0CH@ILAFFCBC@Open?9sourced?5under?5GPL?5v?43?5licen@ 0042c4d0     bpr:ru.obj
 0002:000004f8       ??_C@_0CJ@NHJGDNMO@http?3?1?1www?4gnu?4org?1licenses?1gpl?9@ 0042c4f8     bpr:ru.obj
 0002:00000524       ??_C@_01EEMJAFIK@?6?$AA@   0042c524     bpr:ru.obj
 0002:00000528       ??_C@_0BI@PDDEFJKG@?$CIwith?5heap?5GC?5enabled?$CJ?5?$AA@ 0042c528     bpr:ru.obj
 0002:00000540       ??_C@_0BI@GHOKLKNP@?$CIwith?5Windows?5threads?$CJ?5?$AA@ 0042c540     bpr:ru.obj
 0002:00000558       ??_C@_07FLPJLDFI@32?5bits?$AA@ 0042c558     bpr:ru.obj
 0002:00000560       ??_C@_0BM@PPJNGGNJ@type?5bp?5?9p10?5to?5detect?5host?$AA@ 0042c560     bpr:ru.obj
 0002:0000057c       ??_C@_0L@HIPLANPJ@undetected?$AA@ 0042c57c     bpr:ru.obj
 0002:00000588       ??_C@_0BG@HMLIKMNH@?$CIC?9ified?5standalone?$CJ?6?$AA@ 0042c588     bpr:ru.obj
 0002:000005a0       ??_C@_03OFAPEBGM@?$CFs?6?$AA@ 0042c5a0     bpr:ru.obj
 0002:000005a4       ??_C@_0DA@FDAAKDLL@?6Prolog?5execution?5?$CFs?$CI?$CFld?$CJ?4?5CPU?5t@ 0042c5a4     bpr:ru.obj
 0002:000005d4       ??_C@_06OOHAPEBD@halted?$AA@ 0042c5d4     bpr:ru.obj
 0002:000005dc       ??_C@_0BF@PDNEECPB@warning?3?5?$CK?$CK?$CK?5?$CFs?5?$CK?$CK?$CK?6?$AA@ 0042c5dc     bpr:ru.obj
 0002:000005f4       ??_C@_0BJ@GEPHBMGF@fatal?5error?3?5?$CK?$CK?$CK?5?$CFs?5?$CK?$CK?$CK?6?$AA@ 0042c5f4     bpr:ru.obj
 0002:00000610       ??_C@_0M@NLNDKHKA@?$CFs?1?$CFld?5?$DP?$DP?$DP?5?$AA@ 0042c610     bpr:ru.obj
 0002:0000061c       ??_C@_08BPALLFCG@?$CFld?5?$DP?$DP?$DP?5?$AA@ 0042c61c     bpr:ru.obj
 0002:00000628       ??_C@_0O@GIGKMOLP@mem?$FL?$CFlu?$FN?5?$DP?$DP?$DP?5?$AA@ 0042c628     bpr:ru.obj
 0002:00000638       ??_C@_09FCJHBEDL@_?$CFld?5?$DP?$DP?$DP?5?$AA@ 0042c638     bpr:ru.obj
 0002:00000648       ??_C@_0ED@NLCPHGMA@?$CK?$CK?$CK?5?$CFs?5overflow?5by?5?$CFld?5bytes?5?$CIsa@ 0042c648     bpr:ru.obj
 0002:0000068c       ??_C@_0L@BBNIBFMC@trim_depth?$AA@ 0042c68c     bpr:ru.obj
 0002:00000698       ??_C@_0M@CPLGDEHI@trim_detail?$AA@ 0042c698     bpr:ru.obj
 0002:000006a4       ??_C@_0P@KEBCNBOI@term_expansion?$AA@ 0042c6a4     bpr:ru.obj
 0002:000006b4       ??_C@_07HHBFGMHA@portray?$AA@ 0042c6b4     bpr:ru.obj
 0002:000006bc       ??_C@_0P@DCFGKAFG@portray_clause?$AA@ 0042c6bc     bpr:ru.obj
 0002:000006cc       ??_C@_06PIHEDKDA@bu_ctr?$AA@ 0042c6cc     bpr:ru.obj
 0002:000006d4       ??_C@_03NLPDLCGC@bu1?$AA@  0042c6d4     bpr:ru.obj
 0002:000006d8       ??_C@_03MCOIIDCD@bu0?$AA@  0042c6d8     bpr:ru.obj
 0002:000006dc       ??_C@_09IAMNGIKI@noname?4pl?$AA@ 0042c6dc     bpr:ru.obj
 0002:000006e8       ??_C@_08OBBAIKIA@dconsult?$AA@ 0042c6e8     bpr:ru.obj
 0002:000006f4       ??_C@_08MFJBPPJC@mcompile?$AA@ 0042c6f4     bpr:ru.obj
 0002:00000700       ??_C@_03IJLIBDBM@mem?$AA@  0042c700     bpr:ru.obj
 0002:00000704       ??_C@_02JNAHGKBG@pl?$AA@   0042c704     bpr:ru.obj
 0002:00000708       ??_C@_03JEELCJ@pro?$AA@    0042c708     bpr:ru.obj
 0002:0000070c       ??_C@_01BDACAMKP@h?$AA@    0042c70c     bpr:ru.obj
 0002:00000710       ??_C@_03LBBFAMDL@wam?$AA@  0042c710     bpr:ru.obj
 0002:00000714       ??_C@_02GENCEAFF@bp?$AA@   0042c714     bpr:ru.obj
 0002:00000718       ??_C@_0L@CFHHMECD@bp_virtual?$AA@ 0042c718     bpr:ru.obj
 0002:00000724       ??_C@_08FLKCLMNF@bp_state?$AA@ 0042c724     bpr:ru.obj
 0002:00000730       ??_C@_0M@HLNLMILD@closed_file?$AA@ 0042c730     bpr:ru.obj
[...]
 0002:00022978       __atan_table               0044e978     LIBCMT:_atan_table_.obj
 0002:00024188       ??_C@_0L@KDOEJCKC@_nextafter?$AA@ 00450188     LIBCMT:_fpexcept_.obj
 0002:00024194       ??_C@_05JGDBENOH@_logb?$AA@ 00450194     LIBCMT:_fpexcept_.obj
 0002:0002419c       ??_C@_03ONILCKOB@_yn?$AA@  0045019c     LIBCMT:_fpexcept_.obj
 0002:000241a0       ??_C@_03NAKIGLHK@_y1?$AA@  004501a0     LIBCMT:_fpexcept_.obj
 0002:000241a4       ??_C@_03MJLDFKDL@_y0?$AA@  004501a4     LIBCMT:_fpexcept_.obj
 0002:000241a8       ??_C@_05GKKHEGJL@frexp?$AA@ 004501a8     LIBCMT:_fpexcept_.obj
 0002:000241b0       ??_C@_04KEPJIHGP@fmod?$AA@ 004501b0     LIBCMT:_fpexcept_.obj
 0002:000241b8       ??_C@_06MEIMCGCF@_hypot?$AA@ 004501b8     LIBCMT:_fpexcept_.obj
 0002:000241c0       ??_C@_05KBKMEMPO@_cabs?$AA@ 004501c0     LIBCMT:_fpexcept_.obj
 0002:000241c8       ??_C@_05CEJMAHNP@ldexp?$AA@ 004501c8     LIBCMT:_fpexcept_.obj
 0002:000241d0       ??_C@_04ODHECPBC@fabs?$AA@ 004501d0     LIBCMT:_fpexcept_.obj
 0002:000241d8       ??_C@_04FJHINJAO@tanh?$AA@ 004501d8     LIBCMT:_fpexcept_.obj
 0002:000241e0       ??_C@_04HPJJNFIM@cosh?$AA@ 004501e0     LIBCMT:_fpexcept_.obj
 0002:000241e8       ??_C@_04COOMCNPB@sinh?$AA@ 004501e8     LIBCMT:_fpexcept_.obj
 0002:000241f0       ??_C@_1BA@BALFACEM@?$AAC?$AAO?$AAN?$AAO?$AAU?$AAT?$AA$?$AA?$AA@ 004501f0     LIBCMT:initcon.obj
 0002:00024200       ??_C@_06IMKFLFPG@1?$CDQNAN?$AA@ 00450200     LIBCMT:_x10fout_.obj
 0002:00024208       ??_C@_05DNEBIAHO@1?$CDINF?$AA@ 00450208     LIBCMT:_x10fout_.obj
 0002:00024210       ??_C@_05PHHOCPM@1?$CDIND?$AA@ 00450210     LIBCMT:_x10fout_.obj
 0002:00024218       ??_C@_06PGGFOGJG@1?$CDSNAN?$AA@ 00450218     LIBCMT:_x10fout_.obj
 0002:00024220       __load_config_used         00450220     LIBCMT:loadcfg.obj
 0002:00024270       ___safe_se_handler_table   00450270     <linker-defined>
 0002:0002427c       ___rtc_iaa                 0045027c     LIBCMT:_initsect_.obj
 0002:00024280       ___rtc_izz                 00450280     LIBCMT:_initsect_.obj
 0002:00024284       ___rtc_taa                 00450284     LIBCMT:_initsect_.obj
 0002:00024288       ___rtc_tzz                 00450288     LIBCMT:_initsect_.obj
 0002:00024954       __IMPORT_DESCRIPTOR_KERNEL32 00450954     kernel32:KERNEL32.dll
 0002:00024968       __IMPORT_DESCRIPTOR_WSOCK32 00450968     wsock32:WSOCK32.dll
 0002:0002497c       __NULL_IMPORT_DESCRIPTOR   0045097c     kernel32:KERNEL32.dll
 0003:00000000       _user_bp                   00452000     brev.obj
 0003:00001170       _user_bp_size              00453170     brev.obj
 0003:00001174       _c_interface               00453174     c.obj
 0003:0000117c       _max                       0045317c     bpr:ru.obj
 0003:000011c8       _wam_bp                    004531c8     bpr:wam.obj
 0003:000910e4       _wam_bp_size               004e30e4     bpr:wam.obj
 0003:000910f0       __iob                      004e30f0     LIBCMT:_file.obj
 0003:00091370       ___app_type                004e3370     LIBCMT:crt0.obj
 0003:00091374       ___security_cookie         004e3374     LIBCMT:gs_cookie.obj
 0003:00091378       ___security_cookie_complement 004e3378     LIBCMT:gs_cookie.obj
 0003:000914f0       __fltused                  004e34f0     LIBCMT:_fpinit_.obj
 0003:000914f4       __ldused                   004e34f4     LIBCMT:_fpinit_.obj
 0003:00091520       __half                     004e3520     LIBCMT:_pow_.obj
 0003:00091590       ___nullstring              004e3590     LIBCMT:output.obj
 0003:00091594       ___wnullstring             004e3594     LIBCMT:output.obj
 0003:00091598       ___badioinfo               004e3598     LIBCMT:ioinit.obj
 0003:00091700       ___flsindex                004e3700     LIBCMT:tidtable.obj
 0003:00091704       ___getvalueindex           004e3704     LIBCMT:tidtable.obj
 0003:00091710       __cfltcvt_tab              004e3710     LIBCMT:cmiscdat.obj
 0003:00091738       __sys_errlist              004e3738     LIBCMT:syserr.obj
 0003:000917e8       __sys_nerr                 004e37e8     LIBCMT:syserr.obj
 0003:000917f0       __lookuptrailbytes         004e37f0     LIBCMT:read.obj
 0003:000918f0       ___initialmbcinfo          004e38f0     LIBCMT:mbctype.obj
 0003:00091b10       __mbctype                  004e3b10     LIBCMT:mbctype.obj
 0003:00091c18       __mbcasemap                004e3c18     LIBCMT:mbctype.obj
 0003:00091d18       ___ptmbcinfo               004e3d18     LIBCMT:mbctype.obj
 0003:00091e10       ___globallocalestatus      004e3e10     LIBCMT:glstatus.obj
 0003:00091e14       ___clocalestr              004e3e14     LIBCMT:nlsdata2.obj
 0003:00091e18       ___lc_time_c               004e3e18     LIBCMT:nlsdata2.obj
 0003:00091f80       ___initiallocinfo          004e3f80     LIBCMT:nlsdata2.obj
 0003:00092058       ___ptlocinfo               004e4058     LIBCMT:nlsdata2.obj
 0003:0009205c       ___initiallocalestructinfo 004e405c     LIBCMT:nlsdata2.obj
 0003:00092090       ___abort_behavior          004e4090     LIBCMT:abort.obj
 0003:000920a0       ___lconv_static_decimal    004e40a0     LIBCMT:lconv.obj
 0003:000920a4       ___lconv_static_W_decimal  004e40a4     LIBCMT:lconv.obj
 0003:000920a8       ___lconv_c                 004e40a8     LIBCMT:lconv.obj
 0003:000920f8       ___lconv                   004e40f8     LIBCMT:lconv.obj
 0003:000920fc       __pctype                   004e40fc     LIBCMT:ctype.obj
 0003:00092100       __pwctype                  004e4100     LIBCMT:ctype.obj
 0003:00092104       ___mb_cur_max              004e4104     LIBCMT:nlsdata1.obj
 0003:00092108       ___decimal_point           004e4108     LIBCMT:nlsdata1.obj
 0003:0009210c       ___decimal_point_length    004e410c     LIBCMT:nlsdata1.obj
 0003:00092110       __NLG_Destination          004e4110     LIBCMT:exsup.obj
 0003:00092138       __timezone                 004e4138     LIBCMT:timeset.obj
 0003:0009213c       __daylight                 004e413c     LIBCMT:timeset.obj
 0003:00092140       __dstbias                  004e4140     LIBCMT:timeset.obj
 0003:000921c8       __tzname                   004e41c8     LIBCMT:timeset.obj
 0003:000921d0       __lpdays                   004e41d0     LIBCMT:days.obj
 0003:00092204       __days                     004e4204     LIBCMT:days.obj
 0003:00092238       __p_overlay                004e4238     LIBCMT:dospawn.obj
 0003:00092240       __d_inf                    004e4240     LIBCMT:_util_.obj
 0003:00092248       __d_ind                    004e4248     LIBCMT:_util_.obj
 0003:00092250       __d_max                    004e4250     LIBCMT:_util_.obj
 0003:00092258       __d_min                    004e4258     LIBCMT:_util_.obj
 0003:00092260       __d_mzero                  004e4260     LIBCMT:_util_.obj
 0003:00092268       __matherr_flag             004e4268     LIBCMT:_matherr_.obj
 0003:000923a8       __pow10pos                 004e43a8     LIBCMT:_constpow_.obj
 0003:00092508       __pow10neg                 004e4508     LIBCMT:_constpow_.obj
 0003:00092670       __confh                    004e4670     LIBCMT:initcon.obj
 0003:00093c80       _opcount                   004e5c80     bpr:dict.obj
 0003:00093ca0       _bp_heap_top               004e5ca0     bpr:builtins.obj
 0003:00093cf0       __cflush                   004e5cf0     LIBCMT:_file.obj
 0003:00093cf4       __aenvptr                  004e5cf4     LIBCMT:crt0.obj
 0003:00093cf8       __wenvptr                  004e5cf8     LIBCMT:crt0.obj
 0003:00093cfc       ___error_mode              004e5cfc     LIBCMT:crt0.obj
 0003:00093d08       __umaskval                 004e5d08     LIBCMT:crt0dat.obj
 0003:00093d0c       ___argc                    004e5d0c     LIBCMT:crt0dat.obj
 0003:00093d10       ___argv                    004e5d10     LIBCMT:crt0dat.obj
 0003:00093d14       ___wargv                   004e5d14     LIBCMT:crt0dat.obj
 0003:00093d18       __environ                  004e5d18     LIBCMT:crt0dat.obj
 0003:00093d1c       ___initenv                 004e5d1c     LIBCMT:crt0dat.obj
 0003:00093d20       __wenviron                 004e5d20     LIBCMT:crt0dat.obj
 0003:00093d24       ___winitenv                004e5d24     LIBCMT:crt0dat.obj
 0003:00093d28       __pgmptr                   004e5d28     LIBCMT:crt0dat.obj
 0003:00093d2c       __wpgmptr                  004e5d2c     LIBCMT:crt0dat.obj
 0003:00093d30       __exitflag                 004e5d30     LIBCMT:crt0dat.obj
 0003:00093d34       __C_Termination_Done       004e5d34     LIBCMT:crt0dat.obj
 0003:00093d38       __C_Exit_Done              004e5d38     LIBCMT:crt0dat.obj
 0003:00093d54       ___idtabsiz                004e5d54     LIBCMT:popen.obj
 0003:00093d58       ___idpairs                 004e5d58     LIBCMT:popen.obj
 0003:00093d5c       ___fastflag                004e5d5c     LIBCMT:_fpinit_.obj
 0003:00093d60       __stdbuf                   004e5d60     LIBCMT:_sftbuf.obj
 0003:00093d68       ___pInvalidArgHandler      004e5d68     LIBCMT:invarg.obj
 0003:00093d6c       __maxwait                  004e5d6c     LIBCMT:crtheap.obj
 0003:000945f0       _gpFlsAlloc                004e65f0     LIBCMT:tidtable.obj
 0003:000945f4       _gpFlsGetValue             004e65f4     LIBCMT:tidtable.obj
 0003:000945f8       _gpFlsSetValue             004e65f8     LIBCMT:tidtable.obj
 0003:000945fc       _gpFlsFree                 004e65fc     LIBCMT:tidtable.obj
 0003:00094600       __crtheap                  004e6600     LIBCMT:heapinit.obj
 0003:0009492c       ?__pInconsistency@@3P6AXXZA 004e692c     LIBCMT:hooks.obj
 0003:00094934       ___pPurecall               004e6934     LIBCMT:inithelp.obj
 0003:00094938       ?_pnhHeap@@3P6AHI@ZA       004e6938     LIBCMT:handler.obj
 0003:0009493c       __newmode                  004e693c     LIBCMT:_newmode.obj
 0003:00094944       ___mbulinfo                004e6944     LIBCMT:mbctype.obj
 0003:00094950       ___mbcodepage              004e6950     LIBCMT:mbctype.obj
 0003:00094954       ___ismbcodepage            004e6954     LIBCMT:mbctype.obj
 0003:00094958       ___mblcid                  004e6958     LIBCMT:mbctype.obj
 0003:0009495c       ___locale_changed          004e695c     LIBCMT:setlocal.obj
 0003:00094978       ___lconv_static_null       004e6978     LIBCMT:lconv.obj
 0003:0009497c       ___lconv_static_W_null     004e697c     LIBCMT:lconv.obj
 0003:00094980       __commode                  004e6980     LIBCMT:ncommode.obj
 0003:00094a40       __outputformat             004e6a40     LIBCMT:outputformat.obj
 0003:00094a44       __fmode                    004e6a44     LIBCMT:txtmode.obj
 0003:00094a48       _instr_len                 004e6a48     <common>
 0003:00094a4c       _htable                    004e6a4c     <common>
 0003:00094a50       _hcount                    004e6a50     <common>
 0003:00094a54       _hstamp                    004e6a54     <common>
 0003:00094a58       _newatom                   004e6a58     <common>
 0003:00094a5c       _atomtable                 004e6a5c     <common>
 0003:00094a60       _lextable                  004e6a60     <common>
 0003:00094a64       _atomstamp                 004e6a64     <common>
 0003:00094a68       _newlex                    004e6a68     <common>
 0003:00094a80       _g                         004e6a80     <common>
 0003:00094c40       __debugger_hook_dummy      004e6c40     <common>
 0003:00094c44       __pmatherr                 004e6c44     <common>
 0003:00094c48       ___use_sse2_mathfcns       004e6c48     <common>
 0003:00094c4c       ___sse2_available          004e6c4c     <common>
 0003:00094c50       __pDestructExceptionObject 004e6c50     <common>
 0003:00094c54       __nhandle                  004e6c54     <common>
 0003:00094c60       ___pioinfo                 004e6c60     <common>
 0003:00094d60       ___env_initialized         004e6d60     <common>
 0003:00094d64       ___onexitend               004e6d64     <common>
 0003:00094d68       ___onexitbegin             004e6d68     <common>
 0003:00094d6c       ___mbctype_initialized     004e6d6c     <common>
 0003:00094d70       ___dyn_tls_init_callback   004e6d70     <common>
 0003:00094d74       __acmdln                   004e6d74     <common>
 0003:00094d78       __NoHeapEnableTerminationOnCorruption 004e6d78     <common>
 0003:00094d7c       ___piob                    004e6d7c     <common>
 0003:00094d80       __bufin                    004e6d80     <common>
 0003:00095d80       __nstream                  004e7d80     <common>

 entry point at        0001:00013170

 Static symbols

 0001:00000000       _go_4_1_1                  00401000 f   brev.obj
 0001:00000190       _g4_1_1_1                  00401190 f   brev.obj
 0001:000002b0       _timer_2_1_1               004012b0 f   brev.obj
 0001:000007a0       _hdef_int                  004017a0 f   bpr:ru.obj
 0001:000007e0       _hdef_ptr                  004017e0 f   bpr:ru.obj
 0001:00000810       _make_constants            00401810 f   bpr:ru.obj
 0001:00000d70       _hdefaults                 00401d70 f   bpr:ru.obj
 0001:00001060       _init_const_instr          00402060 f   bpr:ru.obj
 0001:00001900       _add_engine                00402900 f   bpr:ru.obj
 0001:00001a20       _del_engine                00402a20 f   bpr:ru.obj
 0001:00002030       _opt_help                  00403030 f   bpr:ru.obj
 0001:00002630       _new_bp                    00403630 f   bpr:ru.obj
 0001:00002e30       _io_trace1                 00403e30 f   bpr:socket.obj
 0001:00002e60       _io_trace_sn               00403e60 f   bpr:socket.obj
 0001:00002e90       _io_trace_ss               00403e90 f   bpr:socket.obj
 0001:00003170       _sock_gets                 00404170 f   bpr:socket.obj
 0001:00004050       _push_code                 00405050 f   bpr:engine.obj
 0001:00004d30       _bp                        00405d30 f   bpr:engine.obj
 0001:00009360       _insert_lex                0040a360 f   bpr:sym.obj
 0001:000093d0       _atomno                    0040a3d0 f   bpr:sym.obj
 0001:0000a7c0       _get_one_int               0040b7c0 f   bpr:load.obj
 0001:0000a900       _link_code                 0040b900 f   bpr:load.obj
 0001:0000bd30       _skip_header               0040cd30 f   bpr:load.obj
 0001:0000bd90       _loadoperator              0040cd90 f   bpr:load.obj
 0001:0000bef0       _load_file                 0040cef0 f   bpr:load.obj
 0001:0000c0c0       _load_instr_array          0040d0c0 f   bpr:load.obj
 0001:0000c270       _load_self                 0040d270 f   bpr:load.obj
 0001:0000c2b0       _is_bp_file                0040d2b0 f   bpr:load.obj
 0001:0000c380       _hkey1                     0040d380 f   bpr:builtins.obj
 0001:0000dbb0       _ocompare                  0040ebb0 f   bpr:builtins.obj
 0001:0000e6f0       _copy_term0                0040f6f0 f   bpr:builtins.obj
 0001:0000fb80       _compareObjects            00410b80 f   bpr:term.obj
 0001:0000fd50       _hashCodeOf                00410d50 f   bpr:term.obj
 0001:0000fea0       _appendTo                  00410ea0 f   bpr:term.obj
 0001:0000fff0       _toString0                 00410ff0 f   bpr:term.obj
 0001:00010220       _externalize_object        00411220 f   bpr:term.obj
 0001:00010440       _internalize_object        00411440 f   bpr:term.obj
 0001:000109e0       _qSOUT0                    004119e0 f   bpr:io.obj
 0001:00010ad0       _out                       00411ad0 f   bpr:io.obj
 0001:00011bb0       _gc_mes                    00412bb0 f   bpr:gc.obj
 0001:00011c30       _init_cps                  00412c30 f   bpr:gc.obj
 0001:00011ca0       _mark_cell1                00412ca0 f   bpr:gc.obj
 0001:00011dd0       _mark_and_early_reset      00412dd0 f   bpr:gc.obj
 0001:00012110       _scan_forwarded            00413110 f   bpr:gc.obj
 0001:00012220       _copy_to_extra_heap        00413220 f   bpr:gc.obj
 0001:00012940       _gc_test0                  00413940 f   bpr:gc.obj
 0001:00012af0       _gc_test1                  00413af0 f   bpr:gc.obj
 0001:00012b50       _gc_test                   00413b50 f   bpr:gc.obj
 0001:00012fe6       _fast_error_exit           00413fe6 f   LIBCMT:crt0.obj
 0001:0001300f       ___tmainCRTStartup         0041400f f   LIBCMT:crt0.obj
 0001:00013409       _doexit                    00414409 f   LIBCMT:crt0dat.obj
 0001:00013726       _ctrlevent_capture@4       00414726 f   LIBCMT:winsig.obj
 0001:000137c2       _siglookup                 004147c2 f   LIBCMT:winsig.obj
 0001:000145f0       __callthreadstartex        004155f0 f   LIBCMT:threadex.obj
 0001:00014631       __threadstartex@4          00415631 f   LIBCMT:threadex.obj
 0001:00014a85       _flsall                    00415a85 f   LIBCMT:fflush.obj
 0001:00014f42       _vscan_fn                  00415f42 f   LIBCMT:sscanf.obj
 0001:00015381       _idtab                     00416381 f   LIBCMT:popen.obj
 0001:00015df6       _IsRootUNCName             00416df6 f   LIBCMT:stati32.obj
 0001:00015e70       __fullpath_helper          00416e70 f   LIBCMT:stati32.obj
 0001:0001777f       _write_char                0041877f f   LIBCMT:output.obj
 0001:000177b2       _write_string              004187b2 f   LIBCMT:output.obj
 0001:0001921d       _parse_cmdline             0041a21d f   LIBCMT:stdargv.obj
 0001:00019ead       __onexit_nolock            0041aead f   LIBCMT:onexit.obj
 0001:0001a1de       ?strtoxl@@YAKPAUlocaleinfo_struct@@PBDPAPBDHH@Z 0041b1de f   LIBCMT:strtol.obj
 0001:0001bb16       ?CPtoLCID@@YAHH@Z          0041cb16 f   LIBCMT:mbctype.obj
 0001:0001bb45       ?setSBCS@@YAXPAUthreadmbcinfostruct@@@Z 0041cb45 f   LIBCMT:mbctype.obj
 0001:0001bba9       ?setSBUpLow@@YAXPAUthreadmbcinfostruct@@@Z 0041cba9 f   LIBCMT:mbctype.obj
 0001:0001bddd       ?getSystemCP@@YAHH@Z       0041cddd f   LIBCMT:mbctype.obj
 0001:0001c634       ___check_float_string      0041d634 f   LIBCMT:input.obj
 0001:0001c68b       __hextodec                 0041d68b f   LIBCMT:input.obj
 0001:0001c6ab       __inc                      0041d6ab f   LIBCMT:input.obj
 0001:0001c6c1       __whiteout                 0041d6c1 f   LIBCMT:input.obj
 0001:0001dce0       __unwind_handler4          0041ece0 f   LIBCMT:exsup4.obj
 0001:0001eb2b       __tsopen_nolock            0041fb2b f   LIBCMT:open.obj
 0001:0001f95b       _comexecmd                 0042095b f   LIBCMT:spawnve.obj
 0001:0001fd24       __shift                    00420d24 f   LIBCMT:cvt.obj
 0001:0001fd69       __cftoe2_l                 00420d69 f   LIBCMT:cvt.obj
 0001:00020327       __cftof2_l                 00421327 f   LIBCMT:cvt.obj
 0001:000247f3       ?x_ismbbtype_l@@YAHPAUlocaleinfo_struct@@IHH@Z 004257f3 f   LIBCMT:ismbbyte.obj
 0001:00024d80       ?__crtLCMapStringA_stat@@YAHPAUlocaleinfo_struct@@KKPBDHPADHHH@Z 00425d80 f   LIBCMT:a_map.obj
 0001:00024fad       ?__crtGetStringTypeA_stat@@YAHPAUlocaleinfo_struct@@KPBDHPAGHHH@Z 00425fad f   LIBCMT:a_str.obj
 0001:00025b70       __unwind_handler           00426b70 f   LIBCMT:exsup.obj
 0001:00025c87       ?__crtCompareStringA_stat@@YAHPAUlocaleinfo_struct@@KKPBDH1HH@Z 00426c87 f   LIBCMT:a_cmp.obj
 0001:00026021       _findenv                   00427021 f   LIBCMT:setenv.obj
 0001:00026073       _copy_environ              00427073 f   LIBCMT:setenv.obj
 0001:00026435       __tzset_nolock             00427435 f   LIBCMT:tzset.obj
 0001:00026748       _cvtdate                   00427748 f   LIBCMT:tzset.obj
 0001:0002693f       __isindst_nolock           0042793f f   LIBCMT:tzset.obj
 0001:0002a81b       __hw_cw                    0042b81b f   LIBCMT:_ieee87_.obj
 0001:0002a8a9       ___hw_cw_sse2              0042b8a9 f   LIBCMT:_ieee87_.obj
